Archive member included to satisfy reference by file (symbol)

c:/ac6/systemworkbench/plugins/fr.ac6.mcu.externaltools.arm-none.win32_1.17.0.201812190825/tools/compiler/bin/../lib/gcc/arm-none-eabi/7.3.1/../../../../arm-none-eabi/lib/thumb/v7-m\libc_nano.a(lib_a-errno.o)
                              Src/syscalls.o (__errno)
c:/ac6/systemworkbench/plugins/fr.ac6.mcu.externaltools.arm-none.win32_1.17.0.201812190825/tools/compiler/bin/../lib/gcc/arm-none-eabi/7.3.1/../../../../arm-none-eabi/lib/thumb/v7-m\libc_nano.a(lib_a-exit.o)
                              c:/ac6/systemworkbench/plugins/fr.ac6.mcu.externaltools.arm-none.win32_1.17.0.201812190825/tools/compiler/bin/../lib/gcc/arm-none-eabi/7.3.1/../../../../arm-none-eabi/lib/thumb/v7-m/crt0.o (exit)
c:/ac6/systemworkbench/plugins/fr.ac6.mcu.externaltools.arm-none.win32_1.17.0.201812190825/tools/compiler/bin/../lib/gcc/arm-none-eabi/7.3.1/../../../../arm-none-eabi/lib/thumb/v7-m\libc_nano.a(lib_a-impure.o)
                              c:/ac6/systemworkbench/plugins/fr.ac6.mcu.externaltools.arm-none.win32_1.17.0.201812190825/tools/compiler/bin/../lib/gcc/arm-none-eabi/7.3.1/../../../../arm-none-eabi/lib/thumb/v7-m\libc_nano.a(lib_a-exit.o) (_global_impure_ptr)
c:/ac6/systemworkbench/plugins/fr.ac6.mcu.externaltools.arm-none.win32_1.17.0.201812190825/tools/compiler/bin/../lib/gcc/arm-none-eabi/7.3.1/../../../../arm-none-eabi/lib/thumb/v7-m\libc_nano.a(lib_a-init.o)
                              c:/ac6/systemworkbench/plugins/fr.ac6.mcu.externaltools.arm-none.win32_1.17.0.201812190825/tools/compiler/bin/../lib/gcc/arm-none-eabi/7.3.1/../../../../arm-none-eabi/lib/thumb/v7-m/crt0.o (__libc_init_array)
c:/ac6/systemworkbench/plugins/fr.ac6.mcu.externaltools.arm-none.win32_1.17.0.201812190825/tools/compiler/bin/../lib/gcc/arm-none-eabi/7.3.1/../../../../arm-none-eabi/lib/thumb/v7-m\libc_nano.a(lib_a-memset.o)
                              c:/ac6/systemworkbench/plugins/fr.ac6.mcu.externaltools.arm-none.win32_1.17.0.201812190825/tools/compiler/bin/../lib/gcc/arm-none-eabi/7.3.1/../../../../arm-none-eabi/lib/thumb/v7-m/crt0.o (memset)
c:/ac6/systemworkbench/plugins/fr.ac6.mcu.externaltools.arm-none.win32_1.17.0.201812190825/tools/compiler/bin/../lib/gcc/arm-none-eabi/7.3.1/../../../../arm-none-eabi/lib/thumb/v7-m\libc_nano.a(lib_a-putchar.o)
                              Middlewares/u8g2/u8x8_d_stdio.o (putchar)
c:/ac6/systemworkbench/plugins/fr.ac6.mcu.externaltools.arm-none.win32_1.17.0.201812190825/tools/compiler/bin/../lib/gcc/arm-none-eabi/7.3.1/../../../../arm-none-eabi/lib/thumb/v7-m\libc_nano.a(lib_a-findfp.o)
                              c:/ac6/systemworkbench/plugins/fr.ac6.mcu.externaltools.arm-none.win32_1.17.0.201812190825/tools/compiler/bin/../lib/gcc/arm-none-eabi/7.3.1/../../../../arm-none-eabi/lib/thumb/v7-m\libc_nano.a(lib_a-putchar.o) (__sinit)
c:/ac6/systemworkbench/plugins/fr.ac6.mcu.externaltools.arm-none.win32_1.17.0.201812190825/tools/compiler/bin/../lib/gcc/arm-none-eabi/7.3.1/../../../../arm-none-eabi/lib/thumb/v7-m\libc_nano.a(lib_a-fwalk.o)
                              c:/ac6/systemworkbench/plugins/fr.ac6.mcu.externaltools.arm-none.win32_1.17.0.201812190825/tools/compiler/bin/../lib/gcc/arm-none-eabi/7.3.1/../../../../arm-none-eabi/lib/thumb/v7-m\libc_nano.a(lib_a-findfp.o) (_fwalk)
c:/ac6/systemworkbench/plugins/fr.ac6.mcu.externaltools.arm-none.win32_1.17.0.201812190825/tools/compiler/bin/../lib/gcc/arm-none-eabi/7.3.1/../../../../arm-none-eabi/lib/thumb/v7-m\libc_nano.a(lib_a-nano-mallocr.o)
                              c:/ac6/systemworkbench/plugins/fr.ac6.mcu.externaltools.arm-none.win32_1.17.0.201812190825/tools/compiler/bin/../lib/gcc/arm-none-eabi/7.3.1/../../../../arm-none-eabi/lib/thumb/v7-m\libc_nano.a(lib_a-findfp.o) (_malloc_r)
c:/ac6/systemworkbench/plugins/fr.ac6.mcu.externaltools.arm-none.win32_1.17.0.201812190825/tools/compiler/bin/../lib/gcc/arm-none-eabi/7.3.1/../../../../arm-none-eabi/lib/thumb/v7-m\libc_nano.a(lib_a-putc.o)
                              c:/ac6/systemworkbench/plugins/fr.ac6.mcu.externaltools.arm-none.win32_1.17.0.201812190825/tools/compiler/bin/../lib/gcc/arm-none-eabi/7.3.1/../../../../arm-none-eabi/lib/thumb/v7-m\libc_nano.a(lib_a-putchar.o) (_putc_r)
c:/ac6/systemworkbench/plugins/fr.ac6.mcu.externaltools.arm-none.win32_1.17.0.201812190825/tools/compiler/bin/../lib/gcc/arm-none-eabi/7.3.1/../../../../arm-none-eabi/lib/thumb/v7-m\libc_nano.a(lib_a-sbrkr.o)
                              c:/ac6/systemworkbench/plugins/fr.ac6.mcu.externaltools.arm-none.win32_1.17.0.201812190825/tools/compiler/bin/../lib/gcc/arm-none-eabi/7.3.1/../../../../arm-none-eabi/lib/thumb/v7-m\libc_nano.a(lib_a-nano-mallocr.o) (_sbrk_r)
c:/ac6/systemworkbench/plugins/fr.ac6.mcu.externaltools.arm-none.win32_1.17.0.201812190825/tools/compiler/bin/../lib/gcc/arm-none-eabi/7.3.1/../../../../arm-none-eabi/lib/thumb/v7-m\libc_nano.a(lib_a-stdio.o)
[...]
Memory Configuration

Name             Origin             Length             Attributes
RAM              0x20000000         0x00005000         xrw
FLASH            0x08000000         0x00010000         xr
*default*        0x00000000         0xffffffff

Linker script and memory map

LOAD c:/ac6/systemworkbench/plugins/fr.ac6.mcu.externaltools.arm-none.win32_1.17.0.201812190825/tools/compiler/bin/../lib/gcc/arm-none-eabi/7.3.1/thumb/v7-m/crti.o
LOAD c:/ac6/systemworkbench/plugins/fr.ac6.mcu.externaltools.arm-none.win32_1.17.0.201812190825/tools/compiler/bin/../lib/gcc/arm-none-eabi/7.3.1/thumb/v7-m/crtbegin.o
LOAD c:/ac6/systemworkbench/plugins/fr.ac6.mcu.externaltools.arm-none.win32_1.17.0.201812190825/tools/compiler/bin/../lib/gcc/arm-none-eabi/7.3.1/../../../../arm-none-eabi/lib/thumb/v7-m/crt0.o
LOAD Drivers/STM32F1xx_HAL_Driver/Src/stm32f1xx_hal.o
LOAD Drivers/STM32F1xx_HAL_Driver/Src/stm32f1xx_hal_cortex.o
LOAD Drivers/STM32F1xx_HAL_Driver/Src/stm32f1xx_hal_dma.o
LOAD Drivers/STM32F1xx_HAL_Driver/Src/stm32f1xx_hal_exti.o
LOAD Drivers/STM32F1xx_HAL_Driver/Src/stm32f1xx_hal_flash.o
LOAD Drivers/STM32F1xx_HAL_Driver/Src/stm32f1xx_hal_flash_ex.o
LOAD Drivers/STM32F1xx_HAL_Driver/Src/stm32f1xx_hal_gpio.o
LOAD Drivers/STM32F1xx_HAL_Driver/Src/stm32f1xx_hal_gpio_ex.o
LOAD Drivers/STM32F1xx_HAL_Driver/Src/stm32f1xx_hal_i2c.o
LOAD Drivers/STM32F1xx_HAL_Driver/Src/stm32f1xx_hal_pwr.o
LOAD Drivers/STM32F1xx_HAL_Driver/Src/stm32f1xx_hal_rcc.o
LOAD Drivers/STM32F1xx_HAL_Driver/Src/stm32f1xx_hal_rcc_ex.o
LOAD Drivers/STM32F1xx_HAL_Driver/Src/stm32f1xx_hal_tim.o
LOAD Drivers/STM32F1xx_HAL_Driver/Src/stm32f1xx_hal_tim_ex.o
LOAD Middlewares/u8g2/u8g2_bitmap.o
LOAD Middlewares/u8g2/u8g2_box.o
LOAD Middlewares/u8g2/u8g2_buffer.o
LOAD Middlewares/u8g2/u8g2_circle.o
LOAD Middlewares/u8g2/u8g2_cleardisplay.o
LOAD Middlewares/u8g2/u8g2_d_memory.o
LOAD Middlewares/u8g2/u8g2_d_setup.o
LOAD Middlewares/u8g2/u8g2_font.o
LOAD Middlewares/u8g2/u8g2_fonts.o
LOAD Middlewares/u8g2/u8g2_hvline.o
LOAD Middlewares/u8g2/u8g2_input_value.o
LOAD Middlewares/u8g2/u8g2_intersection.o
LOAD Middlewares/u8g2/u8g2_kerning.o
LOAD Middlewares/u8g2/u8g2_line.o
LOAD Middlewares/u8g2/u8g2_ll_hvline.o
LOAD Middlewares/u8g2/u8g2_message.o
LOAD Middlewares/u8g2/u8g2_polygon.o
LOAD Middlewares/u8g2/u8g2_selection_list.o
LOAD Middlewares/u8g2/u8g2_setup.o
LOAD Middlewares/u8g2/u8log.o
LOAD Middlewares/u8g2/u8log_u8g2.o
LOAD Middlewares/u8g2/u8log_u8x8.o
LOAD Middlewares/u8g2/u8x8_8x8.o
LOAD Middlewares/u8g2/u8x8_byte.o
LOAD Middlewares/u8g2/u8x8_cad.o
LOAD Middlewares/u8g2/u8x8_capture.o
LOAD Middlewares/u8g2/u8x8_d_a2printer.o
LOAD Middlewares/u8g2/u8x8_d_il3820_296x128.o
LOAD Middlewares/u8g2/u8x8_d_ist3020.o
LOAD Middlewares/u8g2/u8x8_d_ist7920.o
LOAD Middlewares/u8g2/u8x8_d_ks0108.o
LOAD Middlewares/u8g2/u8x8_d_lc7981.o
LOAD Middlewares/u8g2/u8x8_d_ld7032_60x32.o
LOAD Middlewares/u8g2/u8x8_d_ls013b7dh03.o
LOAD Middlewares/u8g2/u8x8_d_max7219.o
LOAD Middlewares/u8g2/u8x8_d_pcd8544_84x48.o
LOAD Middlewares/u8g2/u8x8_d_pcf8812.o
LOAD Middlewares/u8g2/u8x8_d_pcf8814_hx1230.o
LOAD Middlewares/u8g2/u8x8_d_sbn1661.o
LOAD Middlewares/u8g2/u8x8_d_sed1330.o
LOAD Middlewares/u8g2/u8x8_d_sh1106_64x32.o
LOAD Middlewares/u8g2/u8x8_d_sh1106_72x40.o
LOAD Middlewares/u8g2/u8x8_d_sh1107.o
LOAD Middlewares/u8g2/u8x8_d_sh1108.o
LOAD Middlewares/u8g2/u8x8_d_sh1122.o
LOAD Middlewares/u8g2/u8x8_d_ssd1305.o
LOAD Middlewares/u8g2/u8x8_d_ssd1306_128x32.o
LOAD Middlewares/u8g2/u8x8_d_ssd1306_128x64_noname.o
LOAD Middlewares/u8g2/u8x8_d_ssd1306_48x64.o
LOAD Middlewares/u8g2/u8x8_d_ssd1306_64x32.o
LOAD Middlewares/u8g2/u8x8_d_ssd1306_64x48.o
LOAD Middlewares/u8g2/u8x8_d_ssd1306_72x40.o
LOAD Middlewares/u8g2/u8x8_d_ssd1306_96x16.o
LOAD Middlewares/u8g2/u8x8_d_ssd1309.o
LOAD Middlewares/u8g2/u8x8_d_ssd1316.o
LOAD Middlewares/u8g2/u8x8_d_ssd1317.o
LOAD Middlewares/u8g2/u8x8_d_ssd1318.o
LOAD Middlewares/u8g2/u8x8_d_ssd1322.o
LOAD Middlewares/u8g2/u8x8_d_ssd1325.o
LOAD Middlewares/u8g2/u8x8_d_ssd1326.o
LOAD Middlewares/u8g2/u8x8_d_ssd1327.o
LOAD Middlewares/u8g2/u8x8_d_ssd1329.o
LOAD Middlewares/u8g2/u8x8_d_ssd1606_172x72.o
LOAD Middlewares/u8g2/u8x8_d_ssd1607_200x200.o
LOAD Middlewares/u8g2/u8x8_d_st7511.o
LOAD Middlewares/u8g2/u8x8_d_st75256.o
LOAD Middlewares/u8g2/u8x8_d_st7528.o
LOAD Middlewares/u8g2/u8x8_d_st75320.o
LOAD Middlewares/u8g2/u8x8_d_st7565.o
LOAD Middlewares/u8g2/u8x8_d_st7567.o
LOAD Middlewares/u8g2/u8x8_d_st7586s_erc240160.o
LOAD Middlewares/u8g2/u8x8_d_st7586s_s028hn118a.o
LOAD Middlewares/u8g2/u8x8_d_st7588.o
LOAD Middlewares/u8g2/u8x8_d_st7920.o
LOAD Middlewares/u8g2/u8x8_d_stdio.o
LOAD Middlewares/u8g2/u8x8_d_t6963.o
LOAD Middlewares/u8g2/u8x8_d_uc1601.o
LOAD Middlewares/u8g2/u8x8_d_uc1604.o
LOAD Middlewares/u8g2/u8x8_d_uc1608.o
LOAD Middlewares/u8g2/u8x8_d_uc1610.o
LOAD Middlewares/u8g2/u8x8_d_uc1611.o
LOAD Middlewares/u8g2/u8x8_d_uc1617.o
LOAD Middlewares/u8g2/u8x8_d_uc1638.o
LOAD Middlewares/u8g2/u8x8_d_uc1701_dogs102.o
LOAD Middlewares/u8g2/u8x8_d_uc1701_mini12864.o
LOAD Middlewares/u8g2/u8x8_debounce.o
LOAD Middlewares/u8g2/u8x8_display.o
LOAD Middlewares/u8g2/u8x8_fonts.o
LOAD Middlewares/u8g2/u8x8_gpio.o
LOAD Middlewares/u8g2/u8x8_input_value.o
LOAD Middlewares/u8g2/u8x8_message.o
LOAD Middlewares/u8g2/u8x8_selection_list.o
LOAD Middlewares/u8g2/u8x8_setup.o
LOAD Middlewares/u8g2/u8x8_string.o
LOAD Middlewares/u8g2/u8x8_u16toa.o
LOAD Middlewares/u8g2/u8x8_u8toa.o
LOAD Src/main.o
LOAD Src/stm32f1xx_hal_msp.o
LOAD Src/stm32f1xx_it.o
LOAD Src/syscalls.o
LOAD Src/system_stm32f1xx.o
LOAD Src/u8g2_stm32f0.o
LOAD startup/startup_stm32f103xb.o
LOAD c:/ac6/systemworkbench/plugins/fr.ac6.mcu.externaltools.arm-none.win32_1.17.0.201812190825/tools/compiler/bin/../lib/gcc/arm-none-eabi/7.3.1/../../../../arm-none-eabi/lib/thumb/v7-m\libm.a
START GROUP
LOAD c:/ac6/systemworkbench/plugins/fr.ac6.mcu.externaltools.arm-none.win32_1.17.0.201812190825/tools/compiler/bin/../lib/gcc/arm-none-eabi/7.3.1/thumb/v7-m\libgcc.a
LOAD c:/ac6/systemworkbench/plugins/fr.ac6.mcu.externaltools.arm-none.win32_1.17.0.201812190825/tools/compiler/bin/../lib/gcc/arm-none-eabi/7.3.1/../../../../arm-none-eabi/lib/thumb/v7-m\libc_nano.a
END GROUP
START GROUP
LOAD c:/ac6/systemworkbench/plugins/fr.ac6.mcu.externaltools.arm-none.win32_1.17.0.201812190825/tools/compiler/bin/../lib/gcc/arm-none-eabi/7.3.1/thumb/v7-m\libgcc.a
LOAD c:/ac6/systemworkbench/plugins/fr.ac6.mcu.externaltools.arm-none.win32_1.17.0.201812190825/tools/compiler/bin/../lib/gcc/arm-none-eabi/7.3.1/../../../../arm-none-eabi/lib/thumb/v7-m\libc_nano.a
LOAD c:/ac6/systemworkbench/plugins/fr.ac6.mcu.externaltools.arm-none.win32_1.17.0.201812190825/tools/compiler/bin/../lib/gcc/arm-none-eabi/7.3.1/../../../../arm-none-eabi/lib/thumb/v7-m\libnosys.a
END GROUP
START GROUP
LOAD c:/ac6/systemworkbench/plugins/fr.ac6.mcu.externaltools.arm-none.win32_1.17.0.201812190825/tools/compiler/bin/../lib/gcc/arm-none-eabi/7.3.1/thumb/v7-m\libgcc.a
LOAD c:/ac6/systemworkbench/plugins/fr.ac6.mcu.externaltools.arm-none.win32_1.17.0.201812190825/tools/compiler/bin/../lib/gcc/arm-none-eabi/7.3.1/../../../../arm-none-eabi/lib/thumb/v7-m\libc_nano.a
LOAD c:/ac6/systemworkbench/plugins/fr.ac6.mcu.externaltools.arm-none.win32_1.17.0.201812190825/tools/compiler/bin/../lib/gcc/arm-none-eabi/7.3.1/../../../../arm-none-eabi/lib/thumb/v7-m\libnosys.a
END GROUP
LOAD c:/ac6/systemworkbench/plugins/fr.ac6.mcu.externaltools.arm-none.win32_1.17.0.201812190825/tools/compiler/bin/../lib/gcc/arm-none-eabi/7.3.1/thumb/v7-m/crtend.o
LOAD c:/ac6/systemworkbench/plugins/fr.ac6.mcu.externaltools.arm-none.win32_1.17.0.201812190825/tools/compiler/bin/../lib/gcc/arm-none-eabi/7.3.1/thumb/v7-m/crtn.o
                0x20005000                _estack = 0x20005000
                0x00000400                _Min_Heap_Size = 0x400
                0x00000400                _Min_Stack_Size = 0x400

.isr_vector     0x08000000      0x10c
                0x08000000                . = ALIGN (0x4)
 *(.isr_vector)
 .isr_vector    0x08000000      0x10c startup/startup_stm32f103xb.o
                0x08000000                g_pfnVectors
                0x0800010c                . = ALIGN (0x4)

.text           0x0800010c     0x2c88
                0x0800010c                . = ALIGN (0x4)
 *(.text)
 .text          0x0800010c       0x40 c:/ac6/systemworkbench/plugins/fr.ac6.mcu.externaltools.arm-none.win32_1.17.0.201812190825/tools/compiler/bin/../lib/gcc/arm-none-eabi/7.3.1/thumb/v7-m/crtbegin.o
 *(.text*)
 .text.HAL_InitTick
                0x0800014c       0x44 Drivers/STM32F1xx_HAL_Driver/Src/stm32f1xx_hal.o
                0x0800014c                HAL_InitTick
 .text.HAL_Init
                0x08000190       0x24 Drivers/STM32F1xx_HAL_Driver/Src/stm32f1xx_hal.o
                0x08000190                HAL_Init
 .text.HAL_IncTick
                0x080001b4       0x18 Drivers/STM32F1xx_HAL_Driver/Src/stm32f1xx_hal.o
                0x080001b4                HAL_IncTick
 .text.HAL_GetTick
                0x080001cc        0xc Drivers/STM32F1xx_HAL_Driver/Src/stm32f1xx_hal.o
                0x080001cc                HAL_GetTick
 .text.HAL_Delay
                0x080001d8       0x24 Drivers/STM32F1xx_HAL_Driver/Src/stm32f1xx_hal.o
                0x080001d8                HAL_Delay
 .text.HAL_NVIC_SetPriorityGrouping
                0x080001fc       0x24 Drivers/STM32F1xx_HAL_Driver/Src/stm32f1xx_hal_cortex.o
                0x080001fc                HAL_NVIC_SetPriorityGrouping
 .text.HAL_NVIC_SetPriority
                0x08000220       0x6c Drivers/STM32F1xx_HAL_Driver/Src/stm32f1xx_hal_cortex.o
                0x08000220                HAL_NVIC_SetPriority
 .text.HAL_SYSTICK_Config
                0x0800028c       0x30 Drivers/STM32F1xx_HAL_Driver/Src/stm32f1xx_hal_cortex.o
                0x0800028c                HAL_SYSTICK_Config
 .text.HAL_GPIO_Init
                0x080002bc      0x1f4 Drivers/STM32F1xx_HAL_Driver/Src/stm32f1xx_hal_gpio.o
                0x080002bc                HAL_GPIO_Init
 .text.HAL_GPIO_WritePin
                0x080004b0        0x8 Drivers/STM32F1xx_HAL_Driver/Src/stm32f1xx_hal_gpio.o
                0x080004b0                HAL_GPIO_WritePin
 .text.HAL_I2C_Init
                0x080004b8      0x170 Drivers/STM32F1xx_HAL_Driver/Src/stm32f1xx_hal_i2c.o
                0x080004b8                HAL_I2C_Init
 .text.HAL_I2C_Master_Transmit
                0x08000628      0x2dc Drivers/STM32F1xx_HAL_Driver/Src/stm32f1xx_hal_i2c.o
                0x08000628                HAL_I2C_Master_Transmit
 .text.HAL_I2C_Master_Receive
                0x08000904      0x4e0 Drivers/STM32F1xx_HAL_Driver/Src/stm32f1xx_hal_i2c.o
                0x08000904                HAL_I2C_Master_Receive
 .text.HAL_RCC_OscConfig
                0x08000de4      0x3f0 Drivers/STM32F1xx_HAL_Driver/Src/stm32f1xx_hal_rcc.o
                0x08000de4                HAL_RCC_OscConfig
 .text.HAL_RCC_ClockConfig
                0x080011d4      0x198 Drivers/STM32F1xx_HAL_Driver/Src/stm32f1xx_hal_rcc.o
                0x080011d4                HAL_RCC_ClockConfig
 .text.HAL_RCC_EnableCSS
                0x0800136c        0xc Drivers/STM32F1xx_HAL_Driver/Src/stm32f1xx_hal_rcc.o
                0x0800136c                HAL_RCC_EnableCSS
 .text.HAL_RCC_GetPCLK1Freq
                0x08001378       0x20 Drivers/STM32F1xx_HAL_Driver/Src/stm32f1xx_hal_rcc.o
                0x08001378                HAL_RCC_GetPCLK1Freq
 .text.u8g2_send_buffer
                0x08001398       0x54 Middlewares/u8g2/u8g2_buffer.o
 .text.u8g2_SetBufferCurrTileRow
                0x080013ec       0x1c Middlewares/u8g2/u8g2_buffer.o
                0x080013ec                u8g2_SetBufferCurrTileRow
 .text.u8g2_FirstPage
                0x08001408       0x2c Middlewares/u8g2/u8g2_buffer.o
                0x08001408                u8g2_FirstPage
 .text.u8g2_NextPage
                0x08001434       0x54 Middlewares/u8g2/u8g2_buffer.o
                0x08001434                u8g2_NextPage
 .text.u8g2_m_16_4_1
                0x08001488        0xc Middlewares/u8g2/u8g2_d_memory.o
                0x08001488                u8g2_m_16_4_1
 .text.u8g2_Setup_ssd1306_128x32_winstar_1
                0x08001494       0x3c Middlewares/u8g2/u8g2_d_setup.o
                0x08001494                u8g2_Setup_ssd1306_128x32_winstar_1
 .text.u8g2_font_get_word
                0x080014d0       0x10 Middlewares/u8g2/u8g2_font.o
 .text.u8g2_font_calc_vref_font
                0x080014e0        0x4 Middlewares/u8g2/u8g2_font.o
                0x080014e0                u8g2_font_calc_vref_font
 .text.u8g2_font_get_word.constprop.2
                0x080014e4        0xc Middlewares/u8g2/u8g2_font.o
 .text.u8g2_add_vector_y
                0x080014f0       0x24 Middlewares/u8g2/u8g2_font.o
                0x080014f0                u8g2_add_vector_y
 .text.u8g2_add_vector_x
                0x08001514       0x24 Middlewares/u8g2/u8g2_font.o
                0x08001514                u8g2_add_vector_x
 .text.u8g2_font_decode_glyph
                0x08001538      0x4e8 Middlewares/u8g2/u8g2_font.o
                0x08001538                u8g2_font_decode_glyph
 .text.u8g2_draw_string
                0x08001a20      0x16c Middlewares/u8g2/u8g2_font.o
 .text.u8g2_DrawStr
                0x08001b8c       0x10 Middlewares/u8g2/u8g2_font.o
                0x08001b8c                u8g2_DrawStr
 .text.u8g2_SetFontPosBaseline
                0x08001b9c        0xc Middlewares/u8g2/u8g2_font.o
                0x08001b9c                u8g2_SetFontPosBaseline
 .text.u8g2_SetFont
                0x08001ba8       0xf4 Middlewares/u8g2/u8g2_font.o
                0x08001ba8                u8g2_SetFont
 .text.u8g2_draw_hv_line_2dir
                0x08001c9c       0x18 Middlewares/u8g2/u8g2_hvline.o
                0x08001c9c                u8g2_draw_hv_line_2dir
 .text.u8g2_DrawHVLine
                0x08001cb4       0xd0 Middlewares/u8g2/u8g2_hvline.o
                0x08001cb4                u8g2_DrawHVLine
 .text.u8g2_IsIntersection
                0x08001d84       0x54 Middlewares/u8g2/u8g2_intersection.o
                0x08001d84                u8g2_IsIntersection
 .text.u8g2_ll_hvline_vertical_top_lsb
                0x08001dd8      0x1c0 Middlewares/u8g2/u8g2_ll_hvline.o
                0x08001dd8                u8g2_ll_hvline_vertical_top_lsb
 .text.u8g2_update_dimension_r1
                0x08001f98       0x54 Middlewares/u8g2/u8g2_setup.o
                0x08001f98                u8g2_update_dimension_r1
 .text.u8g2_draw_l90_r0
                0x08001fec       0x10 Middlewares/u8g2/u8g2_setup.o
                0x08001fec                u8g2_draw_l90_r0
 .text.u8g2_draw_l90_mirrorr_r0
                0x08001ffc       0x24 Middlewares/u8g2/u8g2_setup.o
                0x08001ffc                u8g2_draw_l90_mirrorr_r0
 .text.u8g2_draw_l90_r1
                0x08002020       0x30 Middlewares/u8g2/u8g2_setup.o
                0x08002020                u8g2_draw_l90_r1
 .text.u8g2_draw_l90_r2
                0x08002050       0x44 Middlewares/u8g2/u8g2_setup.o
                0x08002050                u8g2_draw_l90_r2
 .text.u8g2_draw_l90_r3
                0x08002094       0x30 Middlewares/u8g2/u8g2_setup.o
                0x08002094                u8g2_draw_l90_r3
 .text.u8g2_update_page_win_r3
                0x080020c4       0xa4 Middlewares/u8g2/u8g2_setup.o
                0x080020c4                u8g2_update_page_win_r3
 .text.u8g2_update_dimension_r0
                0x08002168       0x5c Middlewares/u8g2/u8g2_setup.o
                0x08002168                u8g2_update_dimension_r0
 .text.u8g2_update_dimension_r2
                0x080021c4       0x5c Middlewares/u8g2/u8g2_setup.o
                0x080021c4                u8g2_update_dimension_r2
 .text.u8g2_update_dimension_r3
                0x08002220       0x54 Middlewares/u8g2/u8g2_setup.o
                0x08002220                u8g2_update_dimension_r3
 .text.u8g2_update_page_win_r0
                0x08002274       0x90 Middlewares/u8g2/u8g2_setup.o
                0x08002274                u8g2_update_page_win_r0
 .text.u8g2_update_page_win_r1
                0x08002304       0x90 Middlewares/u8g2/u8g2_setup.o
                0x08002304                u8g2_update_page_win_r1
 .text.u8g2_update_page_win_r2
                0x08002394       0xa4 Middlewares/u8g2/u8g2_setup.o
                0x08002394                u8g2_update_page_win_r2
 .text.u8g2_SetupBuffer
                0x08002438       0x4c Middlewares/u8g2/u8g2_setup.o
                0x08002438                u8g2_SetupBuffer
 .text.u8x8_ascii_next
                0x08002484       0x10 Middlewares/u8g2/u8x8_8x8.o
                0x08002484                u8x8_ascii_next
 .text.u8x8_utf8_init
                0x08002494        0x8 Middlewares/u8g2/u8x8_8x8.o
                0x08002494                u8x8_utf8_init
 .text.u8x8_byte_SetDC
                0x0800249c       0x10 Middlewares/u8g2/u8x8_byte.o
                0x0800249c                u8x8_byte_SetDC
 .text.u8x8_byte_SendBytes
                0x080024ac       0x10 Middlewares/u8g2/u8x8_byte.o
                0x080024ac                u8x8_byte_SendBytes
 .text.u8x8_byte_SendByte
                0x080024bc       0x18 Middlewares/u8g2/u8x8_byte.o
                0x080024bc                u8x8_byte_SendByte
 .text.u8x8_cad_SendCmd
                0x080024d4       0x10 Middlewares/u8g2/u8x8_cad.o
                0x080024d4                u8x8_cad_SendCmd
 .text.u8x8_cad_SendArg
                0x080024e4       0x10 Middlewares/u8g2/u8x8_cad.o
                0x080024e4                u8x8_cad_SendArg
 .text.u8x8_cad_SendData
                0x080024f4       0x10 Middlewares/u8g2/u8x8_cad.o
                0x080024f4                u8x8_cad_SendData
 .text.u8x8_cad_StartTransfer
                0x08002504       0x10 Middlewares/u8g2/u8x8_cad.o
                0x08002504                u8x8_cad_StartTransfer
 .text.u8x8_cad_EndTransfer
                0x08002514       0x10 Middlewares/u8g2/u8x8_cad.o
                0x08002514                u8x8_cad_EndTransfer
 .text.u8x8_cad_SendSequence
                0x08002524       0x70 Middlewares/u8g2/u8x8_cad.o
                0x08002524                u8x8_cad_SendSequence
 .text.u8x8_cad_001
                0x08002594       0x50 Middlewares/u8g2/u8x8_cad.o
                0x08002594                u8x8_cad_001
 .text.u8x8_d_ssd1306_128x32_winstar
                0x080025e4      0x104 Middlewares/u8g2/u8x8_d_ssd1306_128x32.o
                0x080025e4                u8x8_d_ssd1306_128x32_winstar
 .text.u8x8_d_helper_display_setup_memory
                0x080026e8        0xc Middlewares/u8g2/u8x8_display.o
                0x080026e8                u8x8_d_helper_display_setup_memory
 .text.u8x8_d_helper_display_init
                0x080026f4       0x60 Middlewares/u8g2/u8x8_display.o
                0x080026f4                u8x8_d_helper_display_init
 .text.u8x8_DrawTile
                0x08002754       0x28 Middlewares/u8g2/u8x8_display.o
                0x08002754                u8x8_DrawTile
 .text.u8x8_SetupMemory
                0x0800277c       0x10 Middlewares/u8g2/u8x8_display.o
                0x0800277c                u8x8_SetupMemory
 .text.u8x8_InitDisplay
                0x0800278c       0x10 Middlewares/u8g2/u8x8_display.o
                0x0800278c                u8x8_InitDisplay
 .text.u8x8_SetPowerSave
                0x0800279c       0x10 Middlewares/u8g2/u8x8_display.o
                0x0800279c                u8x8_SetPowerSave
 .text.u8x8_RefreshDisplay
                0x080027ac       0x10 Middlewares/u8g2/u8x8_display.o
                0x080027ac                u8x8_RefreshDisplay
 .text.u8x8_gpio_call
                0x080027bc        0xc Middlewares/u8g2/u8x8_gpio.o
                0x080027bc                u8x8_gpio_call
 .text.u8x8_Setup
                0x080027c8       0x2c Middlewares/u8g2/u8x8_setup.o
                0x080027c8                u8x8_Setup
 .text.SystemClock_Config
                0x080027f4       0x58 Src/main.o
                0x080027f4                SystemClock_Config
 .text.startup.main
                0x0800284c      0x2e8 Src/main.o
                0x0800284c                main
 .text.HAL_MspInit
                0x08002b34       0x44 Src/stm32f1xx_hal_msp.o
                0x08002b34                HAL_MspInit
 .text.HAL_I2C_MspInit
                0x08002b78       0x64 Src/stm32f1xx_hal_msp.o
                0x08002b78                HAL_I2C_MspInit
 .text.NMI_Handler
                0x08002bdc        0x4 Src/stm32f1xx_it.o
                0x08002bdc                NMI_Handler
 .text.HardFault_Handler
                0x08002be0        0x4 Src/stm32f1xx_it.o
                0x08002be0                HardFault_Handler
 .text.MemManage_Handler
                0x08002be4        0x4 Src/stm32f1xx_it.o
                0x08002be4                MemManage_Handler
 .text.BusFault_Handler
                0x08002be8        0x4 Src/stm32f1xx_it.o
                0x08002be8                BusFault_Handler
 .text.UsageFault_Handler
                0x08002bec        0x4 Src/stm32f1xx_it.o
                0x08002bec                UsageFault_Handler
 .text.SVC_Handler
                0x08002bf0        0x4 Src/stm32f1xx_it.o
                0x08002bf0                SVC_Handler
 .text.DebugMon_Handler
                0x08002bf4        0x4 Src/stm32f1xx_it.o
                0x08002bf4                DebugMon_Handler
 .text.PendSV_Handler
                0x08002bf8        0x4 Src/stm32f1xx_it.o
                0x08002bf8                PendSV_Handler
 .text.SysTick_Handler
                0x08002bfc        0x4 Src/stm32f1xx_it.o
                0x08002bfc                SysTick_Handler
 .text.SystemInit
                0x08002c00       0x50 Src/system_stm32f1xx.o
                0x08002c00                SystemInit
 .text.u8x8_stm32_gpio_and_delay
                0x08002c50       0x14 Src/u8g2_stm32f0.o
                0x08002c50                u8x8_stm32_gpio_and_delay
 .text.u8x8_byte_stm32_hw_i2c
                0x08002c64       0x74 Src/u8g2_stm32f0.o
                0x08002c64                u8x8_byte_stm32_hw_i2c
 .text.Reset_Handler
                0x08002cd8       0x48 startup/startup_stm32f103xb.o
                0x08002cd8                Reset_Handler
 .text.Default_Handler
                0x08002d20        0x2 startup/startup_stm32f103xb.o
                0x08002d20                DMA1_Channel4_IRQHandler
                0x08002d20                EXTI1_IRQHandler
                0x08002d20                SPI2_IRQHandler
                0x08002d20                EXTI9_5_IRQHandler
                0x08002d20                SPI1_IRQHandler
                0x08002d20                PVD_IRQHandler
                0x08002d20                USBWakeUp_IRQHandler
                0x08002d20                WWDG_IRQHandler
                0x08002d20                ADC1_2_IRQHandler
                0x08002d20                DMA1_Channel5_IRQHandler
                0x08002d20                RCC_IRQHandler
                0x08002d20                I2C1_ER_IRQHandler
                0x08002d20                RTC_IRQHandler
                0x08002d20                DMA1_Channel6_IRQHandler
                0x08002d20                TIM1_UP_IRQHandler
                0x08002d20                DMA1_Channel2_IRQHandler
                0x08002d20                I2C2_EV_IRQHandler
                0x08002d20                TIM3_IRQHandler
                0x08002d20                DMA1_Channel7_IRQHandler
                0x08002d20                USB_LP_CAN1_RX0_IRQHandler
                0x08002d20                USART2_IRQHandler
                0x08002d20                FLASH_IRQHandler
                0x08002d20                EXTI15_10_IRQHandler
                0x08002d20                TIM1_BRK_IRQHandler
                0x08002d20                USART1_IRQHandler
                0x08002d20                TAMPER_IRQHandler
                0x08002d20                TIM2_IRQHandler
                0x08002d20                CAN1_SCE_IRQHandler
                0x08002d20                Default_Handler
                0x08002d20                EXTI2_IRQHandler
                0x08002d20                DMA1_Channel3_IRQHandler
                0x08002d20                TIM4_IRQHandler
                0x08002d20                USART3_IRQHandler
                0x08002d20                EXTI3_IRQHandler
                0x08002d20                I2C2_ER_IRQHandler
                0x08002d20                TIM1_TRG_COM_IRQHandler
                0x08002d20                I2C1_EV_IRQHandler
                0x08002d20                TIM1_CC_IRQHandler
                0x08002d20                DMA1_Channel1_IRQHandler
                0x08002d20                EXTI0_IRQHandler
                0x08002d20                RTC_Alarm_IRQHandler
                0x08002d20                EXTI4_IRQHandler
                0x08002d20                CAN1_RX1_IRQHandler
                0x08002d20                USB_HP_CAN1_TX_IRQHandler
 *fill*         0x08002d22        0x2 
 .text.__libc_init_array
                0x08002d24       0x48 c:/ac6/systemworkbench/plugins/fr.ac6.mcu.externaltools.arm-none.win32_1.17.0.201812190825/tools/compiler/bin/../lib/gcc/arm-none-eabi/7.3.1/../../../../arm-none-eabi/lib/thumb/v7-m\libc_nano.a(lib_a-init.o)
                0x08002d24                __libc_init_array
 .text.memset   0x08002d6c       0x10 c:/ac6/systemworkbench/plugins/fr.ac6.mcu.externaltools.arm-none.win32_1.17.0.201812190825/tools/compiler/bin/../lib/gcc/arm-none-eabi/7.3.1/../../../../arm-none-eabi/lib/thumb/v7-m\libc_nano.a(lib_a-memset.o)
                0x08002d6c                memset
 *(.glue_7)
 .glue_7        0x08002d7c        0x0 linker stubs
 *(.glue_7t)
 .glue_7t       0x08002d7c        0x0 linker stubs
 *(.eh_frame)
 .eh_frame      0x08002d7c        0x0 c:/ac6/systemworkbench/plugins/fr.ac6.mcu.externaltools.arm-none.win32_1.17.0.201812190825/tools/compiler/bin/../lib/gcc/arm-none-eabi/7.3.1/thumb/v7-m/crtbegin.o
 *(.init)
 .init          0x08002d7c        0x4 c:/ac6/systemworkbench/plugins/fr.ac6.mcu.externaltools.arm-none.win32_1.17.0.201812190825/tools/compiler/bin/../lib/gcc/arm-none-eabi/7.3.1/thumb/v7-m/crti.o
                0x08002d7c                _init
 .init          0x08002d80        0x8 c:/ac6/systemworkbench/plugins/fr.ac6.mcu.externaltools.arm-none.win32_1.17.0.201812190825/tools/compiler/bin/../lib/gcc/arm-none-eabi/7.3.1/thumb/v7-m/crtn.o
 *(.fini)
 .fini          0x08002d88        0x4 c:/ac6/systemworkbench/plugins/fr.ac6.mcu.externaltools.arm-none.win32_1.17.0.201812190825/tools/compiler/bin/../lib/gcc/arm-none-eabi/7.3.1/thumb/v7-m/crti.o
                0x08002d88                _fini
 .fini          0x08002d8c        0x8 c:/ac6/systemworkbench/plugins/fr.ac6.mcu.externaltools.arm-none.win32_1.17.0.201812190825/tools/compiler/bin/../lib/gcc/arm-none-eabi/7.3.1/thumb/v7-m/crtn.o
                0x08002d94                . = ALIGN (0x4)
                0x08002d94                _etext = .

.vfp11_veneer   0x08002d94        0x0
 .vfp11_veneer  0x08002d94        0x0 linker stubs

.v4_bx          0x08002d94        0x0
 .v4_bx         0x08002d94        0x0 linker stubs

.iplt           0x08002d94        0x0
 .iplt          0x08002d94        0x0 c:/ac6/systemworkbench/plugins/fr.ac6.mcu.externaltools.arm-none.win32_1.17.0.201812190825/tools/compiler/bin/../lib/gcc/arm-none-eabi/7.3.1/thumb/v7-m/crtbegin.o

.rodata         0x08002d94   0xa19574
                0x08002d94                . = ALIGN (0x4)
 *(.rodata)
 .rodata        0x08002d94       0x10 Drivers/STM32F1xx_HAL_Driver/Src/stm32f1xx_hal_rcc.o
 .rodata        0x08002da4   0xa19476 Middlewares/u8g2/u8g2_fonts.o
                0x08002da4                u8g2_font_px437wyse700b_mn
                0x08002ef0                u8g2_font_px437wyse700b_mr
                0x0800364c                u8g2_font_px437wyse700b_mf
                0x08004260                u8g2_font_px437wyse700b_tn
                0x0800437c                u8g2_font_px437wyse700b_tr
                0x08004928                u8g2_font_px437wyse700b_tf
                0x080052a8                u8g2_font_px437wyse700a_mn
                0x080053f0                u8g2_font_px437wyse700a_mr
                0x08005b6c                u8g2_font_px437wyse700a_mf
                0x08006770                u8g2_font_px437wyse700a_tn
                0x08006890                u8g2_font_px437wyse700a_tr
                0x08006eb8                u8g2_font_px437wyse700a_tf
                0x080078f0                u8g2_font_pxplusibmvga8_m_all
                0x0800ae3c                u8g2_font_pxplusibmvga8_t_all
                0x0800dabc                u8g2_font_pxplusibmvga8_mn
                0x0800dbd0                u8g2_font_pxplusibmvga8_mr
                0x0800e1dc                u8g2_font_pxplusibmvga8_mf
                0x0800ee84                u8g2_font_pxplusibmvga8_tn
                0x0800ef6c                u8g2_font_pxplusibmvga8_tr
                0x0800f458                u8g2_font_pxplusibmvga8_tf
                0x0800feac                u8g2_font_pxplusibmvga9_m_all
                0x080138f8                u8g2_font_pxplusibmvga9_t_all
                0x0801664c                u8g2_font_pxplusibmvga9_mn
                0x08016760                u8g2_font_pxplusibmvga9_mr
                0x08016e08                u8g2_font_pxplusibmvga9_mf
                0x08017bd8                u8g2_font_pxplusibmvga9_tn
                0x08017cc0                u8g2_font_pxplusibmvga9_tr
                0x080181b4                u8g2_font_pxplusibmvga9_tf
                0x08018c1c                u8g2_font_pxplustandynewtv_8_all
                0x0801b568                u8g2_font_pxplustandynewtv_t_all
                0x0801da74                u8g2_font_pxplustandynewtv_8u
                0x0801ddcc                u8g2_font_pxplustandynewtv_8n
                0x0801dec0                u8g2_font_pxplustandynewtv_8r
                0x0801e3ac                u8g2_font_pxplustandynewtv_8f
                0x0801eda4                u8g2_font_pxplusibmcga_8u
                0x0801f0d0                u8g2_font_pxplusibmcga_8n
                0x0801f1bc                u8g2_font_pxplusibmcga_8r
                0x0801f66c                u8g2_font_pxplusibmcga_8f
                0x0801ffc8                u8g2_font_pxplusibmcgathin_8u
                0x08020320                u8g2_font_pxplusibmcgathin_8n
                0x08020418                u8g2_font_pxplusibmcgathin_8r
                0x08020910                u8g2_font_pxplusibmcgathin_8f
                0x08021310                u8g2_font_pcsenior_8u
                0x0802164c                u8g2_font_pcsenior_8n
                0x08021740                u8g2_font_pcsenior_8r
                0x08021c08                u8g2_font_pcsenior_8f
                0x080224c8                u8g2_font_pressstart2p_8u
                0x08022808                u8g2_font_pressstart2p_8n
                0x080228f4                u8g2_font_pressstart2p_8r
                0x08022dc0                u8g2_font_pressstart2p_8f
                0x080237ac                u8g2_font_logisoso92_tn
                0x08023dfc                u8g2_font_logisoso78_tn
                0x08024330                u8g2_font_logisoso62_tn
                0x08024708                u8g2_font_logisoso58_tn
                0x08024ad8                u8g2_font_logisoso58_tr
                0x080262fc                u8g2_font_logisoso58_tf
                0x08028da0                u8g2_font_logisoso54_tn
                0x08029110                u8g2_font_logisoso54_tr
                0x0802a72c                u8g2_font_logisoso54_tf
                0x0802ce84                u8g2_font_logisoso50_tn
                0x0802d1d8                u8g2_font_logisoso50_tr
                0x0802e6c0                u8g2_font_logisoso50_tf
                0x08030bd8                u8g2_font_logisoso46_tn
                0x08030eec                u8g2_font_logisoso46_tr
                0x08032220                u8g2_font_logisoso46_tf
                0x08034408                u8g2_font_logisoso42_tn
                0x080346dc                u8g2_font_logisoso42_tr
                0x080358f4                u8g2_font_logisoso42_tf
                0x08037910                u8g2_font_logisoso38_tn
                0x08037b74                u8g2_font_logisoso38_tr
                0x08038a18                u8g2_font_logisoso38_tf
                0x0803a4f4                u8g2_font_logisoso34_tn
                0x0803a710                u8g2_font_logisoso34_tr
                0x0803b428                u8g2_font_logisoso34_tf
                0x0803cc48                u8g2_font_logisoso32_tn
                0x0803ce58                u8g2_font_logisoso32_tr
                0x0803da74                u8g2_font_logisoso32_tf
                0x0803f0a0                u8g2_font_logisoso30_tn
                0x0803f280                u8g2_font_logisoso30_tr
                0x0803fde4                u8g2_font_logisoso30_tf
                0x080412e8                u8g2_font_logisoso28_tn
                0x08041498                u8g2_font_logisoso28_tr
                0x08041eec                u8g2_font_logisoso28_tf
                0x08043208                u8g2_font_logisoso26_tn
                0x080433c0                u8g2_font_logisoso26_tr
                0x08043e18                u8g2_font_logisoso26_tf
                0x08045144                u8g2_font_logisoso24_tn
                0x080452ec                u8g2_font_logisoso24_tr
                0x08045c58                u8g2_font_logisoso24_tf
                0x08046dcc                u8g2_font_logisoso22_tn
                0x08046f50                u8g2_font_logisoso22_tr
                0x08047828                u8g2_font_logisoso22_tf
                0x080488b4                u8g2_font_logisoso20_tn
                0x08048a34                u8g2_font_logisoso20_tr
                0x080492e8                u8g2_font_logisoso20_tf
                0x0804a318                u8g2_font_logisoso18_tn
                0x0804a468                u8g2_font_logisoso18_tr
                0x0804ac14                u8g2_font_logisoso18_tf
                0x0804ba9c                u8g2_font_logisoso16_tn
                0x0804bbbc                u8g2_font_logisoso16_tr
                0x0804c1dc                u8g2_font_logisoso16_tf
                0x0804cde0                u8g2_font_inb63_mn
                0x0804d4b0                u8g2_font_inb57_mn
                0x0804db0c                u8g2_font_inb53_mn
                0x0804e0ec                u8g2_font_inb53_mr
                0x08050550                u8g2_font_inb53_mf
                0x08055678                u8g2_font_inb49_mn
                0x08055bb4                u8g2_font_inb49_mr
                0x08057c78                u8g2_font_inb49_mf
                0x0805c5a8                u8g2_font_inb46_mn
                0x0805ca80                u8g2_font_inb46_mr
                0x0805e8c4                u8g2_font_inb46_mf
                0x08062cac                u8g2_font_inb42_mn
                0x080630f8                u8g2_font_inb42_mr
                0x08064b74                u8g2_font_inb42_mf
                0x08068818                u8g2_font_inb38_mn
                0x08068bfc                u8g2_font_inb38_mr
                0x0806a3bc                u8g2_font_inb38_mf
                0x0806d96c                u8g2_font_inb33_mn
                0x0806dcdc                u8g2_font_inb33_mr
                0x0806f1bc                u8g2_font_inb33_mf
                0x080720b4                u8g2_font_inb30_mn
                0x080723e8                u8g2_font_inb30_mr
                0x08073744                u8g2_font_inb30_mf
                0x080761e4                u8g2_font_inb27_mn
                0x080764d0                u8g2_font_inb27_mr
                0x08077610                u8g2_font_inb27_mf
                0x08079c8c                u8g2_font_inb24_mn
                0x08079f10                u8g2_font_inb24_mr
                0x0807ae60                u8g2_font_inb24_mf
                0x0807d0dc                u8g2_font_inb21_mn
                0x0807d328                u8g2_font_inb21_mr
                0x0807e0f8                u8g2_font_inb21_mf
                0x0807ffb8                u8g2_font_inb19_mn
                0x080801b0                u8g2_font_inb19_mr
                0x08080d14                u8g2_font_inb19_mf
                0x080826a0                u8g2_font_inb16_mn
                0x08082858                u8g2_font_inb16_mr
                0x0808323c                u8g2_font_inb16_mf
                0x08084800                u8g2_font_inr62_mn
                0x08084eac                u8g2_font_inr57_mn
                0x080854e0                u8g2_font_inr53_t_cyrillic
                0x080898d8                u8g2_font_inr53_mn
                0x08089e7c                u8g2_font_inr53_mr
                0x0808c294                u8g2_font_inr53_mf
                0x080912e8                u8g2_font_inr49_t_cyrillic
                0x08094e08                u8g2_font_inr49_mn
                0x08095338                u8g2_font_inr49_mr
                0x08097434                u8g2_font_inr49_mf
                0x0809bdcc                u8g2_font_inr46_t_cyrillic
                0x0809f554                u8g2_font_inr46_mn
                0x0809fa3c                u8g2_font_inr46_mr
                0x080a1904                u8g2_font_inr46_mf
                0x080a5df0                u8g2_font_inr42_t_cyrillic
                0x080a8fa8                u8g2_font_inr42_mn
                0x080a9424                u8g2_font_inr42_mr
                0x080aafe4                u8g2_font_inr42_mf
                0x080aee68                u8g2_font_inr38_t_cyrillic
                0x080b1c0c                u8g2_font_inr38_mn
                0x080b1fe4                u8g2_font_inr38_mr
                0x080b3804                u8g2_font_inr38_mf
                0x080b6da8                u8g2_font_inr33_t_cyrillic
                0x080b9398                u8g2_font_inr33_mn
                0x080b96ec                u8g2_font_inr33_mr
                0x080bab14                u8g2_font_inr33_mf
                0x080bd860                u8g2_font_inr30_t_cyrillic
                0x080bfc58                u8g2_font_inr30_mn
                0x080bff6c                u8g2_font_inr30_mr
                0x080c1250                u8g2_font_inr30_mf
                0x080c3c08                u8g2_font_inr27_t_cyrillic
                0x080c5b2c                u8g2_font_inr27_mn
                0x080c5de8                u8g2_font_inr27_mr
                0x080c6ee0                u8g2_font_inr27_mf
                0x080c9484                u8g2_font_inr24_t_cyrillic
                0x080caf34                u8g2_font_inr24_mn
                0x080cb1b0                u8g2_font_inr24_mr
                0x080cc0c4                u8g2_font_inr24_mf
                0x080ce260                u8g2_font_inr21_mn
                0x080ce4b0                u8g2_font_inr21_mr
                0x080cf268                u8g2_font_inr21_mf
                0x080d10c4                u8g2_font_inr19_mn
                0x080d12bc                u8g2_font_inr19_mr
                0x080d1edc                u8g2_font_inr19_mf
                0x080d39e0                u8g2_font_inr16_mn
                0x080d3b94                u8g2_font_inr16_mr
                0x080d452c                u8g2_font_inr16_mf
                0x080d5a98                u8g2_font_osr41_tn
                0x080d5ed4                u8g2_font_osr41_tr
                0x080d79d4                u8g2_font_osr41_tf
                0x080db408                u8g2_font_osr35_tn
                0x080db798                u8g2_font_osr35_tr
                0x080dce1c                u8g2_font_osr35_tf
                0x080dfe44                u8g2_font_osr29_tn
                0x080e0138                u8g2_font_osr29_tr
                0x080e13cc                u8g2_font_osr29_tf
                0x080e3bac                u8g2_font_osr26_tn
                0x080e3e2c                u8g2_font_osr26_tr
                0x080e4e48                u8g2_font_osr26_tf
                0x080e7090                u8g2_font_osr21_tn
                0x080e72a4                u8g2_font_osr21_tr
                0x080e7f48                u8g2_font_osr21_tf
                0x080e9a0c                u8g2_font_osr18_tn
                0x080e9bc8                u8g2_font_osr18_tr
                0x080ea6b0                u8g2_font_osr18_tf
                0x080ebde8                u8g2_font_osb41_tn
                0x080ec270                u8g2_font_osb41_tr
                0x080edd9c                u8g2_font_osb41_tf
                0x080f184c                u8g2_font_osb35_tn
                0x080f1c1c                u8g2_font_osb35_tr
                0x080f32d8                u8g2_font_osb35_tf
                0x080f6364                u8g2_font_osb29_tn
                0x080f664c                u8g2_font_osb29_tr
                0x080f7830                u8g2_font_osb29_tf
                0x080f9ee0                u8g2_font_osb26_tn
                0x080fa17c                u8g2_font_osb26_tr
                0x080fb160                u8g2_font_osb26_tf
                0x080fd374                u8g2_font_osb21_tn
                0x080fd5a0                u8g2_font_osb21_tr
                0x080fe23c                u8g2_font_osb21_tf
                0x080ffd30                u8g2_font_osb18_tn
                0x080fff1c                u8g2_font_osb18_tr
                0x081009bc                u8g2_font_osb18_tf
                0x08102074                u8g2_font_fur49_t_symbol
                0x08102f3c                u8g2_font_fur42_t_symbol
                0x08103b68                u8g2_font_fur35_t_symbol
                0x081045a8                u8g2_font_fur30_t_symbol
                0x08104e54                u8g2_font_fur25_t_symbol
                0x08105594                u8g2_font_fur20_t_symbol
                0x08105b44                u8g2_font_fur17_t_symbol
                0x08105fdc                u8g2_font_fur14_t_symbol
                0x081063d4                u8g2_font_fur11_t_symbol
                0x08106710                u8g2_font_fur49_tn
                0x08106b98                u8g2_font_fur42_tn
                0x08106f7c                u8g2_font_fur42_tr
                0x081086b8                u8g2_font_fur42_tf
                0x0810b9b8                u8g2_font_fur35_tn
                0x0810bcbc                u8g2_font_fur35_tr
                0x0810cf40                u8g2_font_fur35_tf
                0x0810f784                u8g2_font_fur30_tn
                0x0810fa10                u8g2_font_fur30_tr
                0x0811098c                u8g2_font_fur30_tf
                0x08112b60                u8g2_font_fur25_tn
                0x08112d8c                u8g2_font_fur25_tr
                0x08113aac                u8g2_font_fur25_tf
                0x08115790                u8g2_font_fur20_tn
                0x08115950                u8g2_font_fur20_tr
                0x08116344                u8g2_font_fur20_tf
                0x081178c4                u8g2_font_fur17_tn
                0x08117a40                u8g2_font_fur17_tr
                0x081182b0                u8g2_font_fur17_tf
                0x081194c8                u8g2_font_fur14_tn
                0x08119610                u8g2_font_fur14_tr
                0x08119d40                u8g2_font_fur14_tf
                0x0811ac94                u8g2_font_fur11_tn
                0x0811ad98                u8g2_font_fur11_tr
                0x0811b340                u8g2_font_fur11_tf
                0x0811bf68                u8g2_font_fub49_t_symbol
                0x0811ce50                u8g2_font_fub42_t_symbol
                0x0811dac8                u8g2_font_fub35_t_symbol
                0x0811e564                u8g2_font_fub30_t_symbol
                0x0811ee30                u8g2_font_fub25_t_symbol
                0x0811f5a4                u8g2_font_fub20_t_symbol
                0x0811fb64                u8g2_font_fub17_t_symbol
                0x0812000c                u8g2_font_fub14_t_symbol
                0x08120410                u8g2_font_fub11_t_symbol
                0x08120750                u8g2_font_fub49_tn
                0x08120bc0                u8g2_font_fub42_tn
                0x08120f98                u8g2_font_fub42_tr
                0x0812261c                u8g2_font_fub42_tf
                0x08125798                u8g2_font_fub35_tn
                0x08125ab0                u8g2_font_fub35_tr
                0x08126d2c                u8g2_font_fub35_tf
                0x08129570                u8g2_font_fub30_tn
                0x08129810                u8g2_font_fub30_tr
                0x0812a804                u8g2_font_fub30_tf
                0x0812caa4                u8g2_font_fub25_tn
                0x0812ccc8                u8g2_font_fub25_tr
                0x0812d9d4                u8g2_font_fub25_tf
                0x0812f64c                u8g2_font_fub20_tn
                0x0812f808                u8g2_font_fub20_tr
                0x081301e0                u8g2_font_fub20_tf
                0x08131730                u8g2_font_fub17_tn
                0x081318a8                u8g2_font_fub17_tr
                0x08132138                u8g2_font_fub17_tf
                0x081333b0                u8g2_font_fub14_tn
                0x081334fc                u8g2_font_fub14_tr
                0x08133c68                u8g2_font_fub14_tf
                0x08134c44                u8g2_font_fub11_tn
                0x08134d54                u8g2_font_fub11_tr
                0x08135348                u8g2_font_fub11_tf
                0x08136000                u8g2_font_lucasarts_scumm_subtitle_r_tn
                0x081360f8                u8g2_font_lucasarts_scumm_subtitle_r_tr
                0x08136630                u8g2_font_lucasarts_scumm_subtitle_r_tf
                0x08136c70                u8g2_font_lucasarts_scumm_subtitle_o_tn
                0x08136df0                u8g2_font_lucasarts_scumm_subtitle_o_tr
                0x08137588                u8g2_font_lucasarts_scumm_subtitle_o_tf
                0x08137eb4                u8g2_font_maniac_te
                0x0813e2e4                u8g2_font_maniac_tn
                0x0813e5b4                u8g2_font_maniac_tr
                0x0813f6b8                u8g2_font_maniac_tf
                0x08141d78                u8g2_font_cardimon_pixel_tn
                0x08141f70                u8g2_font_cardimon_pixel_tr
                0x08142c3c                u8g2_font_cardimon_pixel_tf
                0x08144140                u8g2_font_bubble_tn
                0x081443ac                u8g2_font_bubble_tr
                0x0814500c                u8g2_font_haxrcorp4089_t_cyrillic
                0x081456cc                u8g2_font_haxrcorp4089_tn
                0x0814578c                u8g2_font_haxrcorp4089_tr
                0x08145b40                u8g2_font_trixel_square_tn
                0x08145bd0                u8g2_font_trixel_square_tr
                0x08145e80                u8g2_font_trixel_square_tf
                0x08146188                u8g2_font_robot_de_niro_tn
                0x08146220                u8g2_font_robot_de_niro_tr
                0x08146520                u8g2_font_robot_de_niro_tf
                0x081468f4                u8g2_font_pixelle_micro_tn
                0x08146988                u8g2_font_pixelle_micro_tr
                0x08146c50                u8g2_font_p01type_tn
                0x08146ce0                u8g2_font_p01type_tr
                0x08146f94                u8g2_font_p01type_tf
                0x08147294                u8g2_font_lucasfont_alternate_tn
                0x08147358                u8g2_font_lucasfont_alternate_tr
                0x081476e8                u8g2_font_lucasfont_alternate_tf
                0x08147dc8                u8g2_font_chikita_tn
                0x08147e78                u8g2_font_chikita_tr
                0x081481d8                u8g2_font_chikita_tf
                0x0814892c                u8g2_font_blipfest_07_tn
                0x081489a8                u8g2_font_blipfest_07_tr
                0x08148bc8                u8g2_font_baby_tn
                0x08148c68                u8g2_font_baby_tr
                0x08148f88                u8g2_font_baby_tf
                0x08149680                u8g2_font_luRS24_te
                0x0814dbb0                u8g2_font_luRS24_tn
                0x0814ddd0                u8g2_font_luRS24_tr
                0x0814eaa0                u8g2_font_luRS24_tf
                0x08150634                u8g2_font_luRS19_te
                0x081538a4                u8g2_font_luRS19_tn
                0x08153a44                u8g2_font_luRS19_tr
                0x08154390                u8g2_font_luRS19_tf
                0x08155768                u8g2_font_luRS18_te
                0x081587b8                u8g2_font_luRS18_tn
                0x08158940                u8g2_font_luRS18_tr
                0x08159224                u8g2_font_luRS18_tf
                0x0815a52c                u8g2_font_luRS14_te
                0x0815cd58                u8g2_font_luRS14_tn
                0x0815cea0                u8g2_font_luRS14_tr
                0x0815d604                u8g2_font_luRS14_tf
                0x0815e5a8                u8g2_font_luRS12_te
                0x081607b4                u8g2_font_luRS12_tn
                0x081608d4                u8g2_font_luRS12_tr
                0x08160ee8                u8g2_font_luRS12_tf
                0x08161c10                u8g2_font_luRS10_te
                0x08163888                u8g2_font_luRS10_tn
                0x0816397c                u8g2_font_luRS10_tr
                0x08163ea8                u8g2_font_luRS10_tf
                0x08164980                u8g2_font_luRS08_te
                0x08166068                u8g2_font_luRS08_tn
                0x0816613c                u8g2_font_luRS08_tr
                0x08166578                u8g2_font_luRS08_tf
                0x08166e44                u8g2_font_luIS24_te
                0x0816c1ec                u8g2_font_luIS24_tn
                0x0816c458                u8g2_font_luIS24_tr
                0x0816d474                u8g2_font_luIS24_tf
                0x0816f758                u8g2_font_luIS19_te
                0x08173184                u8g2_font_luIS19_tn
                0x0817334c                u8g2_font_luIS19_tr
                0x08173e90                u8g2_font_luIS19_tf
                0x081756a4                u8g2_font_luIS18_te
                0x08178e0c                u8g2_font_luIS18_tn
                0x08178fbc                u8g2_font_luIS18_tr
                0x08179a74                u8g2_font_luIS18_tf
                0x0817b16c                u8g2_font_luIS14_te
                0x0817df34                u8g2_font_luIS14_tn
                0x0817e09c                u8g2_font_luIS14_tr
                0x0817e96c                u8g2_font_luIS14_tf
                0x0817fc4c                u8g2_font_luIS12_te
                0x08182358                u8g2_font_luIS12_tn
                0x08182498                u8g2_font_luIS12_tr
                0x08182c18                u8g2_font_luIS12_tf
                0x08183c48                u8g2_font_luIS10_te
                0x08185b38                u8g2_font_luIS10_tn
                0x08185c54                u8g2_font_luIS10_tr
                0x08186258                u8g2_font_luIS10_tf
                0x08186ee8                u8g2_font_luIS08_te
                0x081886e4                u8g2_font_luIS08_tn
                0x081887c0                u8g2_font_luIS08_tr
                0x08188c94                u8g2_font_luIS08_tf
                0x0818967c                u8g2_font_luBS24_te
                0x0818ddb8                u8g2_font_luBS24_tn
                0x0818dfe8                u8g2_font_luBS24_tr
                0x0818ed08                u8g2_font_luBS24_tf
                0x08190940                u8g2_font_luBS19_te
                0x08193b98                u8g2_font_luBS19_tn
                0x08193d3c                u8g2_font_luBS19_tr
                0x081946ac                u8g2_font_luBS19_tf
                0x08195a84                u8g2_font_luBS18_te
                0x08198b44                u8g2_font_luBS18_tn
                0x08198ce0                u8g2_font_luBS18_tr
                0x081995ec                u8g2_font_luBS18_tf
                0x0819a91c                u8g2_font_luBS14_te
                0x0819d224                u8g2_font_luBS14_tn
                0x0819d37c                u8g2_font_luBS14_tr
                0x0819db44                u8g2_font_luBS14_tf
                0x0819eb98                u8g2_font_luBS12_te
                0x081a0f10                u8g2_font_luBS12_tn
                0x081a1040                u8g2_font_luBS12_tr
                0x081a16e4                u8g2_font_luBS12_tf
                0x081a24c8                u8g2_font_luBS10_te
                0x081a4258                u8g2_font_luBS10_tn
                0x081a4354                u8g2_font_luBS10_tr
                0x081a48cc                u8g2_font_luBS10_tf
                0x081a5434                u8g2_font_luBS08_te
                0x081a6b64                u8g2_font_luBS08_tn
                0x081a6c40                u8g2_font_luBS08_tr
                0x081a70a4                u8g2_font_luBS08_tf
                0x081a79a4                u8g2_font_lubR24_te
                0x081acc34                u8g2_font_lubR24_tn
                0x081ace68                u8g2_font_lubR24_tr
                0x081add58                u8g2_font_lubR24_tf
                0x081afd20                u8g2_font_lubR19_te
                0x081b3898                u8g2_font_lubR19_tn
                0x081b3a38                u8g2_font_lubR19_tr
                0x081b44d0                u8g2_font_lubR19_tf
                0x081b5b8c                u8g2_font_lubR18_te
                0x081b941c                u8g2_font_lubR18_tn
                0x081b95a4                u8g2_font_lubR18_tr
                0x081b9fa8                u8g2_font_lubR18_tf
                0x081bb554                u8g2_font_lubR14_te
                0x081be430                u8g2_font_lubR14_tn
                0x081be584                u8g2_font_lubR14_tr
                0x081bedfc                u8g2_font_lubR14_tf
                0x081bfffc                u8g2_font_lubR12_te
                0x081c272c                u8g2_font_lubR12_tn
                0x081c2860                u8g2_font_lubR12_tr
                0x081c2fb0                u8g2_font_lubR12_tf
                0x081c3f08                u8g2_font_lubR10_te
                0x081c5eb4                u8g2_font_lubR10_tn
                0x081c5fb0                u8g2_font_lubR10_tr
                0x081c6570                u8g2_font_lubR10_tf
                0x081c715c                u8g2_font_lubR08_te
                0x081c8b60                u8g2_font_lubR08_tn
                0x081c8c38                u8g2_font_lubR08_tr
                0x081c9108                u8g2_font_lubR08_tf
                0x081c9af4                u8g2_font_luBIS24_te
                0x081cefec                u8g2_font_luBIS24_tn
                0x081cf284                u8g2_font_luBIS24_tr
                0x081d031c                u8g2_font_luBIS24_tf
                0x081d26a0                u8g2_font_luBIS19_te
                0x081d6314                u8g2_font_luBIS19_tn
                0x081d6504                u8g2_font_luBIS19_tr
                0x081d70b8                u8g2_font_luBIS19_tf
                0x081d8998                u8g2_font_luBIS18_te
                0x081dc26c                u8g2_font_luBIS18_tn
                0x081dc440                u8g2_font_luBIS18_tr
                0x081dcf4c                u8g2_font_luBIS18_tf
                0x081de6c8                u8g2_font_luBIS14_te
                0x081e14bc                u8g2_font_luBIS14_tn
                0x081e1634                u8g2_font_luBIS14_tr
                0x081e1f48                u8g2_font_luBIS14_tf
                0x081e325c                u8g2_font_luBIS12_te
                0x081e5a34                u8g2_font_luBIS12_tn
                0x081e5b8c                u8g2_font_luBIS12_tr
                0x081e636c                u8g2_font_luBIS12_tf
                0x081e73d4                u8g2_font_luBIS10_te
                0x081e93c0                u8g2_font_luBIS10_tn
                0x081e94dc                u8g2_font_luBIS10_tr
                0x081e9b2c                u8g2_font_luBIS10_tf
                0x081ea82c                u8g2_font_luBIS08_te
                0x081ec144                u8g2_font_luBIS08_tn
                0x081ec230                u8g2_font_luBIS08_tr
                0x081ec738                u8g2_font_luBIS08_tf
                0x081ed17c                u8g2_font_lubI24_te
                0x081f2680                u8g2_font_lubI24_tn
                0x081f28fc                u8g2_font_lubI24_tr
                0x081f396c                u8g2_font_lubI24_tf
                0x081f5cd4                u8g2_font_lubI19_te
                0x081f99c8                u8g2_font_lubI19_tn
                0x081f9bac                u8g2_font_lubI19_tr
                0x081fa758                u8g2_font_lubI19_tf
                0x081fc05c                u8g2_font_lubI18_te
                0x081ffa1c                u8g2_font_lubI18_tn
                0x081ffbd8                u8g2_font_lubI18_tr
                0x082006d4                u8g2_font_lubI18_tf
                0x08201e7c                u8g2_font_lubI14_te
                0x08204dbc                u8g2_font_lubI14_tn
                0x08204f2c                u8g2_font_lubI14_tr
                0x08205848                u8g2_font_lubI14_tf
                0x08206bb8                u8g2_font_lubI12_te
                0x08209400                u8g2_font_lubI12_tn
                0x08209550                u8g2_font_lubI12_tr
                0x08209d34                u8g2_font_lubI12_tf
                0x0820addc                u8g2_font_lubI10_te
                0x0820ce0c                u8g2_font_lubI10_tn
                0x0820cf34                u8g2_font_lubI10_tr
                0x0820d570                u8g2_font_lubI10_tf
                0x0820e270                u8g2_font_lubI08_te
                0x0820fcc4                u8g2_font_lubI08_tn
                0x0820fdb0                u8g2_font_lubI08_tr
                0x082102d0                u8g2_font_lubI08_tf
                0x08210d88                u8g2_font_lubBI24_te
                0x0821661c                u8g2_font_lubBI24_tn
                0x082168b8                u8g2_font_lubBI24_tr
                0x082179c8                u8g2_font_lubBI24_tf
                0x08219e80                u8g2_font_lubBI19_te
                0x0821dc94                u8g2_font_lubBI19_tn
                0x0821de70                u8g2_font_lubBI19_tr
                0x0821ea28                u8g2_font_lubBI19_tf
                0x082203b4                u8g2_font_lubBI18_te
                0x08223ecc                u8g2_font_lubBI18_tn
                0x082240b4                u8g2_font_lubBI18_tr
                0x08224c00                u8g2_font_lubBI18_tf
                0x08226450                u8g2_font_lubBI14_te
                0x08229418                u8g2_font_lubBI14_tn
                0x08229598                u8g2_font_lubBI14_tr
                0x08229edc                u8g2_font_lubBI14_tf
                0x0822b2b0                u8g2_font_lubBI12_te
                0x0822dc50                u8g2_font_lubBI12_tn
                0x0822dda8                u8g2_font_lubBI12_tr
                0x0822e5e8                u8g2_font_lubBI12_tf
                0x0822f730                u8g2_font_lubBI10_te
                0x08231848                u8g2_font_lubBI10_tn
                0x08231968                u8g2_font_lubBI10_tr
                0x08231fd0                u8g2_font_lubBI10_tf
                0x08232d34                u8g2_font_lubBI08_te
                0x08234814                u8g2_font_lubBI08_tn
                0x08234900                u8g2_font_lubBI08_tr
                0x08234e34                u8g2_font_lubBI08_tf
                0x08235924                u8g2_font_lubB24_te
                0x0823ac30                u8g2_font_lubB24_tn
                0x0823ae78                u8g2_font_lubB24_tr
                0x0823bd84                u8g2_font_lubB24_tf
                0x0823ddb4                u8g2_font_lubB19_te
                0x08241c4c                u8g2_font_lubB19_tn
                0x08241e08                u8g2_font_lubB19_tr
                0x082428ec                u8g2_font_lubB19_tf
                0x082440c4                u8g2_font_lubB18_te
                0x08247b10                u8g2_font_lubB18_tn
                0x08247cbc                u8g2_font_lubB18_tr
                0x082486e4                u8g2_font_lubB18_tf
                0x08249d1c                u8g2_font_lubB14_te
                0x0824cb18                u8g2_font_lubB14_tn
                0x0824cc70                u8g2_font_lubB14_tr
                0x0824d4c4                u8g2_font_lubB14_tf
                0x0824e690                u8g2_font_lubB12_te
                0x08250fc0                u8g2_font_lubB12_tn
                0x082510fc                u8g2_font_lubB12_tr
                0x0825188c                u8g2_font_lubB12_tf
                0x08252888                u8g2_font_lubB10_te
                0x082549fc                u8g2_font_lubB10_tn
                0x08254afc                u8g2_font_lubB10_tr
                0x082550e8                u8g2_font_lubB10_tf
                0x08255d6c                u8g2_font_lubB08_te
                0x082578e0                u8g2_font_lubB08_tn
                0x082579c0                u8g2_font_lubB08_tr
                0x08257eac                u8g2_font_lubB08_tf
                0x08258908                u8g2_font_timR24_tn
                0x08258aec                u8g2_font_timR24_tr
                0x0825980c                u8g2_font_timR24_tf
                0x0825b4d0                u8g2_font_timR18_tn
                0x0825b63c                u8g2_font_timR18_tr
                0x0825bfac                u8g2_font_timR18_tf
                0x0825d3ec                u8g2_font_timR14_tn
                0x0825d50c                u8g2_font_timR14_tr
                0x0825dc60                u8g2_font_timR14_tf
                0x0825ec20                u8g2_font_timR12_tn
                0x0825ed1c                u8g2_font_timR12_tr
                0x0825f358                u8g2_font_timR12_tf
                0x082600dc                u8g2_font_timR10_tn
                0x082601c0                u8g2_font_timR10_tr
                0x08260720                u8g2_font_timR10_tf
                0x082612c4                u8g2_font_timR08_tn
                0x08261380                u8g2_font_timR08_tr
                0x0826178c                u8g2_font_timR08_tf
                0x0826200c                u8g2_font_timB24_tn
                0x08262200                u8g2_font_timB24_tr
                0x08262f78                u8g2_font_timB24_tf
                0x08264d00                u8g2_font_timB18_tn
                0x08264ea0                u8g2_font_timB18_tr
                0x08265880                u8g2_font_timB18_tf
                0x08266db0                u8g2_font_timB14_tn
                0x08266ed0                u8g2_font_timB14_tr
                0x08267610                u8g2_font_timB14_tf
                0x082685a8                u8g2_font_timB12_tn
                0x082686ac                u8g2_font_timB12_tr
                0x08268d08                u8g2_font_timB12_tf
                0x08269a9c                u8g2_font_timB10_tn
                0x08269b84                u8g2_font_timB10_tr
                0x0826a108                u8g2_font_timB10_tf
                0x0826acf4                u8g2_font_timB08_tn
                0x0826adb0                u8g2_font_timB08_tr
                0x0826b1ec                u8g2_font_timB08_tf
                0x0826baf0                u8g2_font_ncenR24_te
                0x08270fb0                u8g2_font_ncenR24_tn
                0x082711cc                u8g2_font_ncenR24_tr
                0x0827206c                u8g2_font_ncenR24_tf
                0x08273fd4                u8g2_font_ncenR18_te
                0x08277948                u8g2_font_ncenR18_tn
                0x08277adc                u8g2_font_ncenR18_tr
                0x0827850c                u8g2_font_ncenR18_tf
                0x08279b08                u8g2_font_ncenR14_te
                0x0827c864                u8g2_font_ncenR14_tn
                0x0827c9a0                u8g2_font_ncenR14_tr
                0x0827d1bc                u8g2_font_ncenR14_tf
                0x0827e314                u8g2_font_ncenR12_te
                0x08280a7c                u8g2_font_ncenR12_tn
                0x08280b94                u8g2_font_ncenR12_tr
                0x08281278                u8g2_font_ncenR12_tf
                0x08282124                u8g2_font_ncenR10_te
                0x082844ac                u8g2_font_ncenR10_tn
                0x0828459c                u8g2_font_ncenR10_tr
                0x08284bd0                u8g2_font_ncenR10_tf
                0x082858e8                u8g2_font_ncenR08_te
                0x08287114                u8g2_font_ncenR08_tn
                0x082871d8                u8g2_font_ncenR08_tr
                0x08287630                u8g2_font_ncenR08_tf
                0x08287f4c                u8g2_font_ncenB24_te
                0x0828d824                u8g2_font_ncenB24_tn
                0x0828da4c                u8g2_font_ncenB24_tr
                0x0828e9a0                u8g2_font_ncenB24_tf
                0x08290a80                u8g2_font_ncenB18_te
                0x08294924                u8g2_font_ncenB18_tn
                0x08294ad0                u8g2_font_ncenB18_tr
                0x0829558c                u8g2_font_ncenB18_tf
                0x08296ce0                u8g2_font_ncenB14_te
                0x08299c2c                u8g2_font_ncenB14_tn
                0x08299d74                u8g2_font_ncenB14_tr
                0x0829a5c8                u8g2_font_ncenB14_tf
                0x0829b790                u8g2_font_ncenB12_te
                0x0829e0d4                u8g2_font_ncenB12_tn
                0x0829e208                u8g2_font_ncenB12_tr
                0x0829e938                u8g2_font_ncenB12_tf
                0x0829f8ac                u8g2_font_ncenB10_te
                0x082a1db8                u8g2_font_ncenB10_tn
                0x082a1ea8                u8g2_font_ncenB10_tr
                0x082a24fc                u8g2_font_ncenB10_tf
                0x082a329c                u8g2_font_ncenB08_te
                0x082a4c80                u8g2_font_ncenB08_tn
                0x082a4d50                u8g2_font_ncenB08_tr
                0x082a51f8                u8g2_font_ncenB08_tf
                0x082a5bd0                u8g2_font_helvR24_te
                0x082aa1b4                u8g2_font_helvR24_tn
                0x082aa3a4                u8g2_font_helvR24_tr
                0x082ab00c                u8g2_font_helvR24_tf
                0x082acb0c                u8g2_font_helvR18_te
                0x082afbf4                u8g2_font_helvR18_tn
                0x082afd78                u8g2_font_helvR18_tr
                0x082b063c                u8g2_font_helvR18_tf
                0x082b1964                u8g2_font_helvR14_te
                0x082b3f90                u8g2_font_helvR14_tn
                0x082b40a0                u8g2_font_helvR14_tr
                0x082b4770                u8g2_font_helvR14_tf
                0x082b5638                u8g2_font_helvR12_te
                0x082b778c                u8g2_font_helvR12_tn
                0x082b7898                u8g2_font_helvR12_tr
                0x082b7e94                u8g2_font_helvR12_tf
                0x082b8b90                u8g2_font_helvR10_te
                0x082ba924                u8g2_font_helvR10_tn
                0x082baa10                u8g2_font_helvR10_tr
                0x082baf38                u8g2_font_helvR10_tf
                0x082bba64                u8g2_font_helvR08_te
                0x082bd0b4                u8g2_font_helvR08_tn
                0x082bd17c                u8g2_font_helvR08_tr
                0x082bd590                u8g2_font_helvR08_tf
                0x082bde24                u8g2_font_helvB24_te
                0x082c2130                u8g2_font_helvB24_tn
                0x082c2300                u8g2_font_helvB24_tr
                0x082c2eac                u8g2_font_helvB24_tf
                0x082c48a4                u8g2_font_helvB18_te
                0x082c79e4                u8g2_font_helvB18_tn
                0x082c7b6c                u8g2_font_helvB18_tr
                0x082c843c                u8g2_font_helvB18_tf
                0x082c9798                u8g2_font_helvB14_te
                0x082cbef0                u8g2_font_helvB14_tn
                0x082cc010                u8g2_font_helvB14_tr
                0x082cc6fc                u8g2_font_helvB14_tf
                0x082cd61c                u8g2_font_helvB12_te
                0x082cf898                u8g2_font_helvB12_tn
                0x082cf9a0                u8g2_font_helvB12_tr
                0x082cff9c                u8g2_font_helvB12_tf
                0x082d0cac                u8g2_font_helvB10_te
                0x082d2ab8                u8g2_font_helvB10_tn
                0x082d2ba8                u8g2_font_helvB10_tr
                0x082d30ec                u8g2_font_helvB10_tf
                0x082d3c4c                u8g2_font_helvB08_te
                0x082d537c                u8g2_font_helvB08_tn
                0x082d5448                u8g2_font_helvB08_tr
                0x082d5870                u8g2_font_helvB08_tf
                0x082d6144                u8g2_font_courR24_tn
                0x082d62f4                u8g2_font_courR24_tr
                0x082d6dbc                u8g2_font_courR24_tf
                0x082d8584                u8g2_font_courR18_tn
                0x082d86d0                u8g2_font_courR18_tr
                0x082d8ef0                u8g2_font_courR18_tf
                0x082da0b8                u8g2_font_courR14_tn
                0x082da1d8                u8g2_font_courR14_tr
                0x082da86c                u8g2_font_courR14_tf
                0x082db6b0                u8g2_font_courR12_tn
                0x082db7ac                u8g2_font_courR12_tr
                0x082dbd70                u8g2_font_courR12_tf
                0x082dc9dc                u8g2_font_courR10_tn
                0x082dcac8                u8g2_font_courR10_tr
                0x082dd004                u8g2_font_courR10_tf
                0x082ddb70                u8g2_font_courR08_tn
                0x082ddc38                u8g2_font_courR08_tr
                0x082de020                u8g2_font_courR08_tf
                0x082de838                u8g2_font_courB24_tn
                0x082dea0c                u8g2_font_courB24_tr
                0x082df5dc                u8g2_font_courB24_tf
                0x082e0fec                u8g2_font_courB18_tn
                0x082e1158                u8g2_font_courB18_tr
                0x082e1a1c                u8g2_font_courB18_tf
                0x082e2d18                u8g2_font_courB14_tn
                0x082e2e3c                u8g2_font_courB14_tr
                0x082e3518                u8g2_font_courB14_tf
                0x082e43d0                u8g2_font_courB12_tn
                0x082e44d4                u8g2_font_courB12_tr
                0x082e4ae0                u8g2_font_courB12_tf
                0x082e57d8                u8g2_font_courB10_tn
                0x082e58c0                u8g2_font_courB10_tr
                0x082e5e14                u8g2_font_courB10_tf
                0x082e69a8                u8g2_font_courB08_tn
                0x082e6a70                u8g2_font_courB08_tr
                0x082e6e54                u8g2_font_courB08_tf
                0x082e76d4                u8g2_font_victoriamedium8_8u
                0x082e79b8                u8g2_font_victoriamedium8_8n
                0x082e7a9c                u8g2_font_victoriamedium8_8r
                0x082e7ee8                u8g2_font_victoriabold8_8u
                0x082e81e0                u8g2_font_victoriabold8_8n
                0x082e82c4                u8g2_font_victoriabold8_8r
                0x082e8720                u8g2_font_torussansbold8_8u
                0x082e8a20                u8g2_font_torussansbold8_8n
                0x082e8b0c                u8g2_font_torussansbold8_8r
                0x082e8f74                u8g2_font_saikyosansbold8_8u
                0x082e92c8                u8g2_font_saikyosansbold8_8n
                0x082e93bc                u8g2_font_chroma48medium8_8u
                0x082e96dc                u8g2_font_chroma48medium8_8n
                0x082e97cc                u8g2_font_chroma48medium8_8r
                0x082e9c58                u8g2_font_artosserif8_8u
                0x082e9f94                u8g2_font_artosserif8_8n
                0x082ea074                u8g2_font_artosserif8_8r
                0x082ea50c                u8g2_font_artossans8_8u
                0x082ea850                u8g2_font_artossans8_8n
                0x082ea930                u8g2_font_artossans8_8r
                0x082eae0c                u8g2_font_f16_b_t_japanese2
                0x083012d8                u8g2_font_f16_b_t_japanese1
                0x0830cfec                u8g2_font_f16_t_japanese2
                0x08322c8c                u8g2_font_f16_t_japanese1
                0x0832e228                u8g2_font_b16_b_t_japanese3
                0x083568ec                u8g2_font_b16_b_t_japanese2
                0x0836d330                u8g2_font_b16_b_t_japanese1
                0x08379570                u8g2_font_b16_t_japanese3
                0x083a0b8c                u8g2_font_b16_t_japanese2
                0x083b6cc8                u8g2_font_b16_t_japanese1
                0x083c2760                u8g2_font_f12_b_t_japanese2
                0x083d16a4                u8g2_font_f12_b_t_japanese1
                0x083d970c                u8g2_font_f12_t_japanese2
                0x083e879c                u8g2_font_f12_t_japanese1
                0x083f07d0                u8g2_font_b12_b_t_japanese3
                0x0840b73c                u8g2_font_b12_b_t_japanese2
                0x0841ab68                u8g2_font_b12_b_t_japanese1
                0x08423054                u8g2_font_b12_t_japanese3
                0x0843e394                u8g2_font_b12_t_japanese2
                0x0844d8f0                u8g2_font_b12_t_japanese1
                0x08455d7c                u8g2_font_f10_b_t_japanese2
                0x08460ec4                u8g2_font_f10_b_t_japanese1
                0x08466eb4                u8g2_font_f10_t_japanese2
                0x08471dd8                u8g2_font_f10_t_japanese1
                0x08477cd4                u8g2_font_b10_b_t_japanese2
                0x08483278                u8g2_font_b10_b_t_japanese1
                0x08489668                u8g2_font_b10_t_japanese2
                0x08494a00                u8g2_font_b10_t_japanese1
                0x0849ad18                u8g2_font_wqy16_t_gb2312b
                0x084c75cc                u8g2_font_wqy16_t_gb2312a
                0x084f0bb0                u8g2_font_wqy16_t_gb2312
                0x0853e768                u8g2_font_wqy16_t_chinese3
                0x08543690                u8g2_font_wqy16_t_chinese2
                0x085485b8                u8g2_font_wqy16_t_chinese1
                0x0854bd5c                u8g2_font_wqy15_t_gb2312b
                0x08572a00                u8g2_font_wqy15_t_gb2312a
                0x08596b00                u8g2_font_wqy15_t_gb2312
                0x085da5ec                u8g2_font_wqy15_t_chinese3
                0x085decd4                u8g2_font_wqy15_t_chinese2
                0x085e33bc                u8g2_font_wqy15_t_chinese1
                0x085e64f8                u8g2_font_wqy14_t_gb2312b
                0x08609620                u8g2_font_wqy14_t_gb2312a
                0x0862a1c8                u8g2_font_wqy14_t_gb2312
                0x0866796c                u8g2_font_wqy14_t_chinese3
                0x0866b9b8                u8g2_font_wqy14_t_chinese2
                0x0866fa04                u8g2_font_wqy14_t_chinese1
                0x08672678                u8g2_font_wqy13_t_gb2312b
                0x086926ac                u8g2_font_wqy13_t_gb2312a
                0x086b0138                u8g2_font_wqy13_t_gb2312
                0x086e7a98                u8g2_font_wqy13_t_chinese3
                0x086eb4fc                u8g2_font_wqy13_t_chinese2
                0x086eef60                u8g2_font_wqy13_t_chinese1
                0x086f17d4                u8g2_font_wqy12_t_gb2312b
                0x0870eec0                u8g2_font_wqy12_t_gb2312a
                0x0872a260                u8g2_font_wqy12_t_gb2312
                0x0875d0f0                u8g2_font_wqy12_t_chinese3
                0x08760688                u8g2_font_wqy12_t_chinese2
                0x08763c20                u8g2_font_wqy12_t_chinese1
                0x08766140                u8g2_font_gb24st_t_3
                0x0876b384                u8g2_font_gb24st_t_2
                0x0876e404                u8g2_font_gb24st_t_1
                0x08770760                u8g2_font_gb16st_t_3
                0x087738fc                u8g2_font_gb16st_t_2
                0x08775678                u8g2_font_gb16st_t_1
                0x08776c3c                u8g2_font_unifont_t_vietnamese2
                0x0877a820                u8g2_font_unifont_t_vietnamese1
                0x0877b8f4                u8g2_font_unifont_t_korean2
                0x0878cd2c                u8g2_font_unifont_t_korean1
                0x0879057c                u8g2_font_unifont_t_japanese3
                0x087b7cf8                u8g2_font_unifont_t_japanese2
                0x087cde60                u8g2_font_unifont_t_japanese1
                0x087d99a8                u8g2_font_unifont_t_chinese3
                0x087e2c28                u8g2_font_unifont_t_chinese2
                0x087e7b2c                u8g2_font_unifont_t_chinese1
                0x087eb290                u8g2_font_unifont_t_weather
                0x087eb608                u8g2_font_unifont_t_cards
                0x087ec128                u8g2_font_unifont_t_domino
                0x087ec6ec                u8g2_font_unifont_t_animals
                0x087ed46c                u8g2_font_unifont_t_emoticons
                0x087ee690                u8g2_font_unifont_h_symbols
                0x087f12a4                u8g2_font_unifont_t_symbols
                0x087f35cc                u8g2_font_unifont_t_arabic
                0x087f5924                u8g2_font_unifont_t_devanagari
                0x087f6f18                u8g2_font_unifont_t_polish
                0x087f7534                u8g2_font_unifont_t_urdu
                0x087fd20c                u8g2_font_unifont_t_tibetan
                0x087feaac                u8g2_font_unifont_t_bengali
                0x087ffd64                u8g2_font_unifont_t_hebrew
                0x08800d04                u8g2_font_unifont_t_cyrillic
                0x08802720                u8g2_font_unifont_t_greek
                0x088035e0                u8g2_font_unifont_t_0_86
                0x08804558                u8g2_font_unifont_t_86
                0x08804f20                u8g2_font_unifont_t_0_78_79
                0x0880703c                u8g2_font_unifont_t_78_79
                0x08808b94                u8g2_font_unifont_t_0_77
                0x08809e40                u8g2_font_unifont_t_77
                0x0880abb8                u8g2_font_unifont_t_0_76
                0x0880bba4                u8g2_font_unifont_t_76
                0x0880c68c                u8g2_font_unifont_t_0_75
                0x0880d210                u8g2_font_unifont_t_75
                0x0880d898                u8g2_font_unifont_t_0_72_73
                0x0880ffa0                u8g2_font_unifont_t_72_73
                0x0881218c                u8g2_font_unifont_t_extended
                0x08814db8                u8g2_font_unifont_t_latin
                0x08815c7c                u8g2_font_unifont_te
                0x08818964                u8g2_font_unifont_tr
                0x08818e60                u8g2_font_unifont_tf
                0x08819d24                u8g2_font_cu12_t_arabic
                0x0881c3cc                u8g2_font_cu12_t_hebrew
                0x0881d164                u8g2_font_cu12_t_tibetan
                0x0881dc1c                u8g2_font_cu12_t_cyrillic
                0x0881f914                u8g2_font_cu12_t_greek
                0x088207a8                u8g2_font_cu12_h_symbols
                0x08822820                u8g2_font_cu12_t_symbols
                0x08824354                u8g2_font_cu12_me
                0x08828554                u8g2_font_cu12_mn
                0x088286a4                u8g2_font_cu12_mr
                0x08828ee8                u8g2_font_cu12_mf
                0x0882a0c0                u8g2_font_cu12_he
                0x0882d880                u8g2_font_cu12_hn
                0x0882d9bc                u8g2_font_cu12_hr
                0x0882e0e4                u8g2_font_cu12_hf
                0x0882f030                u8g2_font_cu12_te
                0x08832000                u8g2_font_cu12_tn
                0x08832100                u8g2_font_cu12_tr
                0x08832720                u8g2_font_cu12_tf
                0x08833444                u8g2_font_crox5t_tn
                0x088335b4                u8g2_font_crox5t_tr
                0x08833ef4                u8g2_font_crox5t_tf
                0x088352c4                u8g2_font_crox5tb_tn
                0x08835434                u8g2_font_crox5tb_tr
                0x08835d5c                u8g2_font_crox5tb_tf
                0x088370f0                u8g2_font_crox5h_tn
                0x08837264                u8g2_font_crox5h_tr
                0x08837ac8                u8g2_font_crox5h_tf
                0x08838c90                u8g2_font_crox5hb_tn
                0x08838e04                u8g2_font_crox5hb_tr
                0x08839664                u8g2_font_crox5hb_tf
                0x0883a83c                u8g2_font_crox4t_tn
                0x0883a94c                u8g2_font_crox4t_tr
                0x0883b0b4                u8g2_font_crox4t_tf
                0x0883c0a4                u8g2_font_crox4tb_tn
                0x0883c1b0                u8g2_font_crox4tb_tr
                0x0883c8d0                u8g2_font_crox4tb_tf
                0x0883d83c                u8g2_font_crox4h_tn
                0x0883d97c                u8g2_font_crox4h_tr
                0x0883e090                u8g2_font_crox4h_tf
                0x0883ef9c                u8g2_font_crox4hb_tn
                0x0883f0e4                u8g2_font_crox4hb_tr
                0x0883f7dc                u8g2_font_crox4hb_tf
                0x08840680                u8g2_font_crox3t_tn
                0x0884076c                u8g2_font_crox3t_tr
                0x08840d58                u8g2_font_crox3t_tf
                0x08841a1c                u8g2_font_crox3tb_tn
                0x08841b0c                u8g2_font_crox3tb_tr
                0x08842128                u8g2_font_crox3tb_tf
                0x08842e34                u8g2_font_crox3h_tn
                0x08842f2c                u8g2_font_crox3h_tr
                0x08843500                u8g2_font_crox3h_tf
                0x08844184                u8g2_font_crox3hb_tn
                0x08844290                u8g2_font_crox3hb_tr
                0x088448a4                u8g2_font_crox3hb_tf
                0x08845584                u8g2_font_crox3c_mn
                0x088456bc                u8g2_font_crox3c_mr
                0x08845e60                u8g2_font_crox3c_mf
                0x08846ea4                u8g2_font_crox3c_tn
                0x08846fb4                u8g2_font_crox3c_tr
                0x08847670                u8g2_font_crox3c_tf
                0x0884851c                u8g2_font_crox3cb_mn
                0x0884867c                u8g2_font_crox3cb_mr
                0x08848e8c                u8g2_font_crox3cb_mf
                0x08849fd0                u8g2_font_crox3cb_tn
                0x0884a0ec                u8g2_font_crox3cb_tr
                0x0884a7ac                u8g2_font_crox3cb_tf
                0x0884b634                u8g2_font_crox2t_tn
                0x0884b708                u8g2_font_crox2t_tr
                0x0884bc10                u8g2_font_crox2t_tf
                0x0884c6d4                u8g2_font_crox2tb_tn
                0x0884c7b4                u8g2_font_crox2tb_tr
                0x0884cce0                u8g2_font_crox2tb_tf
                0x0884d7b8                u8g2_font_crox2h_tn
                0x0884d888                u8g2_font_crox2h_tr
                0x0884dd50                u8g2_font_crox2h_tf
                0x0884e76c                u8g2_font_crox2hb_tn
                0x0884e848                u8g2_font_crox2hb_tr
                0x0884ed24                u8g2_font_crox2hb_tf
                0x0884f760                u8g2_font_crox2c_mn
                0x0884f884                u8g2_font_crox2c_mr
                0x0884ff10                u8g2_font_crox2c_mf
                0x08850cf4                u8g2_font_crox2c_tn
                0x08850dd8                u8g2_font_crox2c_tr
                0x08851330                u8g2_font_crox2c_tf
                0x08851e7c                u8g2_font_crox2cb_mn
                0x08851f84                u8g2_font_crox2cb_mr
                0x08852608                u8g2_font_crox2cb_mf
                0x088533c8                u8g2_font_crox2cb_tn
                0x088534ac                u8g2_font_crox2cb_tr
                0x08853a24                u8g2_font_crox2cb_tf
                0x088545e0                u8g2_font_crox1t_tn
                0x088546a8                u8g2_font_crox1t_tr
                0x08854b10                u8g2_font_crox1t_tf
                0x08855448                u8g2_font_crox1tb_tn
                0x08855518                u8g2_font_crox1tb_tr
                0x08855974                u8g2_font_crox1tb_tf
                0x08856290                u8g2_font_crox1h_tn
                0x08856358                u8g2_font_crox1h_tr
                0x08856778                u8g2_font_crox1h_tf
                0x08857024                u8g2_font_crox1hb_tn
                0x088570f8                u8g2_font_crox1hb_tr
                0x08857514                u8g2_font_crox1hb_tf
                0x08857db8                u8g2_font_crox1c_mn
                0x08857eb0                u8g2_font_crox1c_mr
                0x08858474                u8g2_font_crox1c_mf
                0x088590bc                u8g2_font_crox1c_tn
                0x08859194                u8g2_font_crox1c_tr
                0x0885966c                u8g2_font_crox1c_tf
                0x0885a0a0                u8g2_font_crox1cb_mn
                0x0885a1b4                u8g2_font_crox1cb_mr
                0x0885a790                u8g2_font_crox1cb_mf
                0x0885b3e4                u8g2_font_crox1cb_tn
                0x0885b4c4                u8g2_font_crox1cb_tr
                0x0885b974                u8g2_font_crox1cb_tf
                0x0885c334                u8g2_font_etl24thai_t
                0x0885d278                u8g2_font_etl16thai_t
                0x0885dbfc                u8g2_font_etl14thai_t
                0x0885e4dc                u8g2_font_pearfont_tr
                0x0885e758                u8g2_font_DigitalDisco_te
                0x0885fa30                u8g2_font_DigitalDisco_tu
                0x0885fd68                u8g2_font_DigitalDisco_tn
                0x0885fe50                u8g2_font_DigitalDisco_tr
                0x0886030c                u8g2_font_DigitalDisco_tf
                0x08860d28                u8g2_font_DigitalDiscoThin_te
                0x08862078                u8g2_font_DigitalDiscoThin_tu
                0x088623d8                u8g2_font_DigitalDiscoThin_tn
                0x088624d4                u8g2_font_DigitalDiscoThin_tr
                0x088629bc                u8g2_font_DigitalDiscoThin_tf
                0x08863440                u8g2_font_pixelpoiiz_tr
                0x088638cc                u8g2_font_Pixellari_te
                0x08864b98                u8g2_font_Pixellari_tu
                0x08864f0c                u8g2_font_Pixellari_tn
                0x08864ffc                u8g2_font_Pixellari_tr
                0x088654ec                u8g2_font_Pixellari_tf
                0x08865f84                u8g2_font_VCR_OSD_mu
                0x08866544                u8g2_font_VCR_OSD_mn
                0x088666cc                u8g2_font_VCR_OSD_mr
                0x08866f34                u8g2_font_VCR_OSD_mf
                0x08868054                u8g2_font_VCR_OSD_tu
                0x088684b8                u8g2_font_VCR_OSD_tn
                0x088685fc                u8g2_font_VCR_OSD_tr
                0x08868c84                u8g2_font_VCR_OSD_tf
                0x088699f4                u8g2_font_nokiafc22_tu
                0x08869c78                u8g2_font_nokiafc22_tn
                0x08869d34                u8g2_font_nokiafc22_tr
                0x0886a0d8                u8g2_font_nokiafc22_tf
                0x0886a738                u8g2_font_Untitled16PixelSansSerifBitmap_tr
                0x0886ac9c                u8g2_font_HelvetiPixelOutline_te
                0x0886b94c                u8g2_font_HelvetiPixelOutline_tr
                0x0886c3e0                u8g2_font_Wizzard_tr
                0x0886c7e8                u8g2_font_Georgia7px_te
                0x0886d7a8                u8g2_font_Georgia7px_tr
                0x0886dbc4                u8g2_font_Georgia7px_tf
                0x0886e47c                u8g2_font_BitTypeWriter_te
                0x0886e900                u8g2_font_BitTypeWriter_tr
                0x0886ed20                u8g2_font_TimesNewPixel_tr
                0x0886f1ec                u8g2_font_HelvetiPixel_tr
                0x0886f5f4                u8g2_font_IPAandRUSLCD_te
                0x08870800                u8g2_font_IPAandRUSLCD_tr
                0x08870bb8                u8g2_font_IPAandRUSLCD_tf
                0x0887138c                u8g2_font_ImpactBits_tr
                0x0887184c                u8g2_font_Engrish_tr
                0x08871cd0                u8g2_font_Engrish_tf
                0x088722b8                u8g2_font_CursivePixel_tr
                0x0887286c                u8g2_font_Born2bSportyV2_te
                0x08873988                u8g2_font_Born2bSportyV2_tr
                0x08873dd8                u8g2_font_Born2bSportyV2_tf
                0x08874730                u8g2_font_Born2bSportySlab_t_all
                0x0887b5fc                u8g2_font_Born2bSportySlab_te
                0x0887d5ec                u8g2_font_Born2bSportySlab_tr
                0x0887dad0                u8g2_font_Born2bSportySlab_tf
                0x0887e524                u8g2_font_BBSesque_te
                0x0887ed6c                u8g2_font_BBSesque_tr
                0x0887f1ac                u8g2_font_BBSesque_tf
                0x0887f9ac                u8g2_font_tallpix_tr
                0x0887fd20                u8g2_font_lastapprenticethin_tr
                0x088800b0                u8g2_font_lastapprenticebold_tr
                0x08880530                u8g2_font_iconquadpix_m_all
                0x088810a0                u8g2_font_heavybottom_tr
                0x08881720                u8g2_font_fancypixels_tr
                0x08881bf0                u8g2_font_fancypixels_tf
                0x08882614                u8g2_font_frikativ_t_all
                0x08883284                u8g2_font_frikativ_tr
                0x0888399c                u8g2_font_frikativ_tf
                0x08884508                u8g2_font_bracketedbabies_tr
                0x08884c00                u8g2_font_adventurer_t_all
                0x08886bd8                u8g2_font_adventurer_tr
                0x088871b8                u8g2_font_adventurer_tf
                0x08887e20                u8g2_font_sirclive_tn
                0x08887ec4                u8g2_font_sirclive_tr
                0x08888240                u8g2_font_sirclivethebold_tn
                0x088882e4                u8g2_font_sirclivethebold_tr
                0x08888660                u8g2_font_finderskeepers_tn
                0x08888728                u8g2_font_finderskeepers_tr