Archive member included to satisfy reference by file (symbol)

c:/ac6/systemworkbench/plugins/fr.ac6.mcu.externaltools.arm-none.win32_1.17.0.201812190825/tools/compiler/bin/../lib/gcc/arm-none-eabi/7.3.1/../../../../arm-none-eabi/lib/thumb/v7-m\libc_nano.a(lib_a-errno.o)
                              Src/main.o (__errno)
c:/ac6/systemworkbench/plugins/fr.ac6.mcu.externaltools.arm-none.win32_1.17.0.201812190825/tools/compiler/bin/../lib/gcc/arm-none-eabi/7.3.1/../../../../arm-none-eabi/lib/thumb/v7-m\libc_nano.a(lib_a-exit.o)
                              c:/ac6/systemworkbench/plugins/fr.ac6.mcu.externaltools.arm-none.win32_1.17.0.201812190825/tools/compiler/bin/../lib/gcc/arm-none-eabi/7.3.1/../../../../arm-none-eabi/lib/thumb/v7-m/crt0.o (exit)
c:/ac6/systemworkbench/plugins/fr.ac6.mcu.externaltools.arm-none.win32_1.17.0.201812190825/tools/compiler/bin/../lib/gcc/arm-none-eabi/7.3.1/../../../../arm-none-eabi/lib/thumb/v7-m\libc_nano.a(lib_a-impure.o)
                              c:/ac6/systemworkbench/plugins/fr.ac6.mcu.externaltools.arm-none.win32_1.17.0.201812190825/tools/compiler/bin/../lib/gcc/arm-none-eabi/7.3.1/../../../../arm-none-eabi/lib/thumb/v7-m\libc_nano.a(lib_a-exit.o) (_global_impure_ptr)
c:/ac6/systemworkbench/plugins/fr.ac6.mcu.externaltools.arm-none.win32_1.17.0.201812190825/tools/compiler/bin/../lib/gcc/arm-none-eabi/7.3.1/../../../../arm-none-eabi/lib/thumb/v7-m\libc_nano.a(lib_a-init.o)
                              c:/ac6/systemworkbench/plugins/fr.ac6.mcu.externaltools.arm-none.win32_1.17.0.201812190825/tools/compiler/bin/../lib/gcc/arm-none-eabi/7.3.1/../../../../arm-none-eabi/lib/thumb/v7-m/crt0.o (__libc_init_array)
c:/ac6/systemworkbench/plugins/fr.ac6.mcu.externaltools.arm-none.win32_1.17.0.201812190825/tools/compiler/bin/../lib/gcc/arm-none-eabi/7.3.1/../../../../arm-none-eabi/lib/thumb/v7-m\libc_nano.a(lib_a-memset.o)
                              c:/ac6/systemworkbench/plugins/fr.ac6.mcu.externaltools.arm-none.win32_1.17.0.201812190825/tools/compiler/bin/../lib/gcc/arm-none-eabi/7.3.1/../../../../arm-none-eabi/lib/thumb/v7-m/crt0.o (memset)

Allocating common symbols
Common symbol       size              file

hUsbDeviceFS        0x2c4             Src/usb_device.o
hi2c1               0x54              Src/main.o
uwTick              0x4               Drivers/STM32F1xx_HAL_Driver/Src/stm32f1xx_hal.o
pFlash              0x20              Drivers/STM32F1xx_HAL_Driver/Src/stm32f1xx_hal_flash.o
UserRxBufferFS      0x3e8             Src/usbd_cdc_if.o
UserTxBufferFS      0x3e8             Src/usbd_cdc_if.o
hpcd_USB_FS         0x26c             Src/usbd_conf.o
USBD_StrDesc        0x200             Src/usbd_desc.o

Discarded input sections

 .text          0x00000000        0x0 c:/ac6/systemworkbench/plugins/fr.ac6.mcu.externaltools.arm-none.win32_1.17.0.201812190825/tools/compiler/bin/../lib/gcc/arm-none-eabi/7.3.1/thumb/v7-m/crti.o
 .data          0x00000000        0x0 c:/ac6/systemworkbench/plugins/fr.ac6.mcu.externaltools.arm-none.win32_1.17.0.201812190825/tools/compiler/bin/../lib/gcc/arm-none-eabi/7.3.1/thumb/v7-m/crti.o
 .bss           0x00000000        0x0 c:/ac6/systemworkbench/plugins/fr.ac6.mcu.externaltools.arm-none.win32_1.17.0.201812190825/tools/compiler/bin/../lib/gcc/arm-none-eabi/7.3.1/thumb/v7-m/crti.o
 .data          0x00000000        0x4 c:/ac6/systemworkbench/plugins/fr.ac6.mcu.externaltools.arm-none.win32_1.17.0.201812190825/tools/compiler/bin/../lib/gcc/arm-none-eabi/7.3.1/thumb/v7-m/crtbegin.o
 .text          0x00000000       0x74 c:/ac6/systemworkbench/plugins/fr.ac6.mcu.externaltools.arm-none.win32_1.17.0.201812190825/tools/compiler/bin/../lib/gcc/arm-none-eabi/7.3.1/../../../../arm-none-eabi/lib/thumb/v7-m/crt0.o
 .data          0x00000000        0x0 c:/ac6/systemworkbench/plugins/fr.ac6.mcu.externaltools.arm-none.win32_1.17.0.201812190825/tools/compiler/bin/../lib/gcc/arm-none-eabi/7.3.1/../../../../arm-none-eabi/lib/thumb/v7-m/crt0.o
 .bss           0x00000000        0x0 c:/ac6/systemworkbench/plugins/fr.ac6.mcu.externaltools.arm-none.win32_1.17.0.201812190825/tools/compiler/bin/../lib/gcc/arm-none-eabi/7.3.1/../../../../arm-none-eabi/lib/thumb/v7-m/crt0.o
 .ARM.extab     0x00000000        0x0 c:/ac6/systemworkbench/plugins/fr.ac6.mcu.externaltools.arm-none.win32_1.17.0.201812190825/tools/compiler/bin/../lib/gcc/arm-none-eabi/7.3.1/../../../../arm-none-eabi/lib/thumb/v7-m/crt0.o
 .ARM.exidx     0x00000000        0x8 c:/ac6/systemworkbench/plugins/fr.ac6.mcu.externaltools.arm-none.win32_1.17.0.201812190825/tools/compiler/bin/../lib/gcc/arm-none-eabi/7.3.1/../../../../arm-none-eabi/lib/thumb/v7-m/crt0.o
 .ARM.attributes
                0x00000000       0x1b c:/ac6/systemworkbench/plugins/fr.ac6.mcu.externaltools.arm-none.win32_1.17.0.201812190825/tools/compiler/bin/../lib/gcc/arm-none-eabi/7.3.1/../../../../arm-none-eabi/lib/thumb/v7-m/crt0.o
 .group         0x00000000        0xc Drivers/STM32F1xx_HAL_Driver/Src/stm32f1xx_hal.o
[...]
Memory Configuration

Name             Origin             Length             Attributes
RAM              0x20000000         0x00005000         xrw
FLASH            0x08000000         0x00010000         xr
*default*        0x00000000         0xffffffff

Linker script and memory map

LOAD c:/ac6/systemworkbench/plugins/fr.ac6.mcu.externaltools.arm-none.win32_1.17.0.201812190825/tools/compiler/bin/../lib/gcc/arm-none-eabi/7.3.1/thumb/v7-m/crti.o
LOAD c:/ac6/systemworkbench/plugins/fr.ac6.mcu.externaltools.arm-none.win32_1.17.0.201812190825/tools/compiler/bin/../lib/gcc/arm-none-eabi/7.3.1/thumb/v7-m/crtbegin.o
LOAD c:/ac6/systemworkbench/plugins/fr.ac6.mcu.externaltools.arm-none.win32_1.17.0.201812190825/tools/compiler/bin/../lib/gcc/arm-none-eabi/7.3.1/../../../../arm-none-eabi/lib/thumb/v7-m/crt0.o
LOAD Drivers/STM32F1xx_HAL_Driver/Src/stm32f1xx_hal.o
LOAD Drivers/STM32F1xx_HAL_Driver/Src/stm32f1xx_hal_cortex.o
LOAD Drivers/STM32F1xx_HAL_Driver/Src/stm32f1xx_hal_dma.o
LOAD Drivers/STM32F1xx_HAL_Driver/Src/stm32f1xx_hal_exti.o
LOAD Drivers/STM32F1xx_HAL_Driver/Src/stm32f1xx_hal_flash.o
LOAD Drivers/STM32F1xx_HAL_Driver/Src/stm32f1xx_hal_flash_ex.o
LOAD Drivers/STM32F1xx_HAL_Driver/Src/stm32f1xx_hal_gpio.o
LOAD Drivers/STM32F1xx_HAL_Driver/Src/stm32f1xx_hal_gpio_ex.o
LOAD Drivers/STM32F1xx_HAL_Driver/Src/stm32f1xx_hal_i2c.o
LOAD Drivers/STM32F1xx_HAL_Driver/Src/stm32f1xx_hal_pcd.o
LOAD Drivers/STM32F1xx_HAL_Driver/Src/stm32f1xx_hal_pcd_ex.o
LOAD Drivers/STM32F1xx_HAL_Driver/Src/stm32f1xx_hal_pwr.o
LOAD Drivers/STM32F1xx_HAL_Driver/Src/stm32f1xx_hal_rcc.o
LOAD Drivers/STM32F1xx_HAL_Driver/Src/stm32f1xx_hal_rcc_ex.o
LOAD Drivers/STM32F1xx_HAL_Driver/Src/stm32f1xx_hal_tim.o
LOAD Drivers/STM32F1xx_HAL_Driver/Src/stm32f1xx_hal_tim_ex.o
LOAD Drivers/STM32F1xx_HAL_Driver/Src/stm32f1xx_ll_usb.o
LOAD Middlewares/ST/STM32_USB_Device_Library/Class/CDC/Src/usbd_cdc.o
LOAD Middlewares/ST/STM32_USB_Device_Library/Core/Src/usbd_core.o
LOAD Middlewares/ST/STM32_USB_Device_Library/Core/Src/usbd_ctlreq.o
LOAD Middlewares/ST/STM32_USB_Device_Library/Core/Src/usbd_ioreq.o
LOAD Src/main.o
LOAD Src/stm32f1xx_hal_msp.o
LOAD Src/stm32f1xx_it.o
LOAD Src/syscalls.o
LOAD Src/system_stm32f1xx.o
LOAD Src/usb_device.o
LOAD Src/usbd_cdc_if.o
LOAD Src/usbd_conf.o
LOAD Src/usbd_desc.o
LOAD startup/startup_stm32f103xb.o
LOAD c:/ac6/systemworkbench/plugins/fr.ac6.mcu.externaltools.arm-none.win32_1.17.0.201812190825/tools/compiler/bin/../lib/gcc/arm-none-eabi/7.3.1/../../../../arm-none-eabi/lib/thumb/v7-m\libm.a
START GROUP
LOAD c:/ac6/systemworkbench/plugins/fr.ac6.mcu.externaltools.arm-none.win32_1.17.0.201812190825/tools/compiler/bin/../lib/gcc/arm-none-eabi/7.3.1/thumb/v7-m\libgcc.a
LOAD c:/ac6/systemworkbench/plugins/fr.ac6.mcu.externaltools.arm-none.win32_1.17.0.201812190825/tools/compiler/bin/../lib/gcc/arm-none-eabi/7.3.1/../../../../arm-none-eabi/lib/thumb/v7-m\libc_nano.a
END GROUP
START GROUP
LOAD c:/ac6/systemworkbench/plugins/fr.ac6.mcu.externaltools.arm-none.win32_1.17.0.201812190825/tools/compiler/bin/../lib/gcc/arm-none-eabi/7.3.1/thumb/v7-m\libgcc.a
LOAD c:/ac6/systemworkbench/plugins/fr.ac6.mcu.externaltools.arm-none.win32_1.17.0.201812190825/tools/compiler/bin/../lib/gcc/arm-none-eabi/7.3.1/../../../../arm-none-eabi/lib/thumb/v7-m\libc_nano.a
LOAD c:/ac6/systemworkbench/plugins/fr.ac6.mcu.externaltools.arm-none.win32_1.17.0.201812190825/tools/compiler/bin/../lib/gcc/arm-none-eabi/7.3.1/../../../../arm-none-eabi/lib/thumb/v7-m\libnosys.a
END GROUP
START GROUP
LOAD c:/ac6/systemworkbench/plugins/fr.ac6.mcu.externaltools.arm-none.win32_1.17.0.201812190825/tools/compiler/bin/../lib/gcc/arm-none-eabi/7.3.1/thumb/v7-m\libgcc.a
LOAD c:/ac6/systemworkbench/plugins/fr.ac6.mcu.externaltools.arm-none.win32_1.17.0.201812190825/tools/compiler/bin/../lib/gcc/arm-none-eabi/7.3.1/../../../../arm-none-eabi/lib/thumb/v7-m\libc_nano.a
LOAD c:/ac6/systemworkbench/plugins/fr.ac6.mcu.externaltools.arm-none.win32_1.17.0.201812190825/tools/compiler/bin/../lib/gcc/arm-none-eabi/7.3.1/../../../../arm-none-eabi/lib/thumb/v7-m\libnosys.a
END GROUP
LOAD c:/ac6/systemworkbench/plugins/fr.ac6.mcu.externaltools.arm-none.win32_1.17.0.201812190825/tools/compiler/bin/../lib/gcc/arm-none-eabi/7.3.1/thumb/v7-m/crtend.o
LOAD c:/ac6/systemworkbench/plugins/fr.ac6.mcu.externaltools.arm-none.win32_1.17.0.201812190825/tools/compiler/bin/../lib/gcc/arm-none-eabi/7.3.1/thumb/v7-m/crtn.o
                0x20005000                _estack = 0x20005000
                0x00000600                _Min_Heap_Size = 0x600
                0x00000400                _Min_Stack_Size = 0x400

.isr_vector     0x08000000      0x10c
                0x08000000                . = ALIGN (0x4)
 *(.isr_vector)
 .isr_vector    0x08000000      0x10c startup/startup_stm32f103xb.o
                0x08000000                g_pfnVectors
                0x0800010c                . = ALIGN (0x4)

.text           0x0800010c     0x6538
                0x0800010c                . = ALIGN (0x4)
 *(.text)
 .text          0x0800010c       0x40 c:/ac6/systemworkbench/plugins/fr.ac6.mcu.externaltools.arm-none.win32_1.17.0.201812190825/tools/compiler/bin/../lib/gcc/arm-none-eabi/7.3.1/thumb/v7-m/crtbegin.o
 *(.text*)
 .text.HAL_Init
                0x0800014c       0x2c Drivers/STM32F1xx_HAL_Driver/Src/stm32f1xx_hal.o
                0x0800014c                HAL_Init
 .text.HAL_InitTick
                0x08000178       0x60 Drivers/STM32F1xx_HAL_Driver/Src/stm32f1xx_hal.o
                0x08000178                HAL_InitTick
 .text.HAL_IncTick
                0x080001d8       0x24 Drivers/STM32F1xx_HAL_Driver/Src/stm32f1xx_hal.o
                0x080001d8                HAL_IncTick
 .text.HAL_GetTick
                0x080001fc       0x14 Drivers/STM32F1xx_HAL_Driver/Src/stm32f1xx_hal.o
                0x080001fc                HAL_GetTick
 .text.HAL_Delay
                0x08000210       0x44 Drivers/STM32F1xx_HAL_Driver/Src/stm32f1xx_hal.o
                0x08000210                HAL_Delay
 .text.__NVIC_SetPriorityGrouping
                0x08000254       0x48 Drivers/STM32F1xx_HAL_Driver/Src/stm32f1xx_hal_cortex.o
 .text.__NVIC_GetPriorityGrouping
                0x0800029c       0x1c Drivers/STM32F1xx_HAL_Driver/Src/stm32f1xx_hal_cortex.o
 .text.__NVIC_EnableIRQ
                0x080002b8       0x38 Drivers/STM32F1xx_HAL_Driver/Src/stm32f1xx_hal_cortex.o
 .text.__NVIC_SetPriority
                0x080002f0       0x54 Drivers/STM32F1xx_HAL_Driver/Src/stm32f1xx_hal_cortex.o
 .text.NVIC_EncodePriority
                0x08000344       0x64 Drivers/STM32F1xx_HAL_Driver/Src/stm32f1xx_hal_cortex.o
 .text.SysTick_Config
                0x080003a8       0x44 Drivers/STM32F1xx_HAL_Driver/Src/stm32f1xx_hal_cortex.o
 .text.HAL_NVIC_SetPriorityGrouping
                0x080003ec       0x16 Drivers/STM32F1xx_HAL_Driver/Src/stm32f1xx_hal_cortex.o
                0x080003ec                HAL_NVIC_SetPriorityGrouping
 .text.HAL_NVIC_SetPriority
                0x08000402       0x38 Drivers/STM32F1xx_HAL_Driver/Src/stm32f1xx_hal_cortex.o
                0x08000402                HAL_NVIC_SetPriority
 .text.HAL_NVIC_EnableIRQ
                0x0800043a       0x1c Drivers/STM32F1xx_HAL_Driver/Src/stm32f1xx_hal_cortex.o
                0x0800043a                HAL_NVIC_EnableIRQ
 .text.HAL_SYSTICK_Config
                0x08000456       0x18 Drivers/STM32F1xx_HAL_Driver/Src/stm32f1xx_hal_cortex.o
                0x08000456                HAL_SYSTICK_Config
 *fill*         0x0800046e        0x2 
 .text.HAL_GPIO_Init
                0x08000470      0x2b4 Drivers/STM32F1xx_HAL_Driver/Src/stm32f1xx_hal_gpio.o
                0x08000470                HAL_GPIO_Init
 .text.HAL_GPIO_WritePin
                0x08000724       0x30 Drivers/STM32F1xx_HAL_Driver/Src/stm32f1xx_hal_gpio.o
                0x08000724                HAL_GPIO_WritePin
 .text.HAL_I2C_Init
                0x08000754      0x250 Drivers/STM32F1xx_HAL_Driver/Src/stm32f1xx_hal_i2c.o
                0x08000754                HAL_I2C_Init
 .text.HAL_I2C_Master_Transmit
                0x080009a4      0x1fc Drivers/STM32F1xx_HAL_Driver/Src/stm32f1xx_hal_i2c.o
                0x080009a4                HAL_I2C_Master_Transmit
 .text.HAL_I2C_Master_Receive
                0x08000ba0      0x45c Drivers/STM32F1xx_HAL_Driver/Src/stm32f1xx_hal_i2c.o
                0x08000ba0                HAL_I2C_Master_Receive
 .text.I2C_MasterRequestWrite
                0x08000ffc       0xec Drivers/STM32F1xx_HAL_Driver/Src/stm32f1xx_hal_i2c.o
 .text.I2C_MasterRequestRead
                0x080010e8      0x16c Drivers/STM32F1xx_HAL_Driver/Src/stm32f1xx_hal_i2c.o
 .text.I2C_WaitOnFlagUntilTimeout
                0x08001254       0xae Drivers/STM32F1xx_HAL_Driver/Src/stm32f1xx_hal_i2c.o
 .text.I2C_WaitOnMasterAddressFlagUntilTimeout
                0x08001302       0xfe Drivers/STM32F1xx_HAL_Driver/Src/stm32f1xx_hal_i2c.o
 .text.I2C_WaitOnTXEFlagUntilTimeout
                0x08001400       0x82 Drivers/STM32F1xx_HAL_Driver/Src/stm32f1xx_hal_i2c.o
 .text.I2C_WaitOnBTFFlagUntilTimeout
                0x08001482       0x82 Drivers/STM32F1xx_HAL_Driver/Src/stm32f1xx_hal_i2c.o
 .text.I2C_WaitOnRXNEFlagUntilTimeout
                0x08001504       0xac Drivers/STM32F1xx_HAL_Driver/Src/stm32f1xx_hal_i2c.o
 .text.I2C_IsAcknowledgeFailed
                0x080015b0       0x5c Drivers/STM32F1xx_HAL_Driver/Src/stm32f1xx_hal_i2c.o
 .text.HAL_PCD_Init
                0x0800160c      0x1c2 Drivers/STM32F1xx_HAL_Driver/Src/stm32f1xx_hal_pcd.o
                0x0800160c                HAL_PCD_Init
 .text.HAL_PCD_Start
                0x080017ce       0x4c Drivers/STM32F1xx_HAL_Driver/Src/stm32f1xx_hal_pcd.o
                0x080017ce                HAL_PCD_Start
 .text.HAL_PCD_IRQHandler
                0x0800181a      0x21c Drivers/STM32F1xx_HAL_Driver/Src/stm32f1xx_hal_pcd.o
                0x0800181a                HAL_PCD_IRQHandler
 .text.HAL_PCD_SetAddress
                0x08001a36       0x4a Drivers/STM32F1xx_HAL_Driver/Src/stm32f1xx_hal_pcd.o
                0x08001a36                HAL_PCD_SetAddress
 .text.HAL_PCD_EP_Open
                0x08001a80       0xc0 Drivers/STM32F1xx_HAL_Driver/Src/stm32f1xx_hal_pcd.o
                0x08001a80                HAL_PCD_EP_Open
 .text.HAL_PCD_EP_Close
                0x08001b40       0x84 Drivers/STM32F1xx_HAL_Driver/Src/stm32f1xx_hal_pcd.o
                0x08001b40                HAL_PCD_EP_Close
 .text.HAL_PCD_EP_Receive
                0x08001bc4       0x74 Drivers/STM32F1xx_HAL_Driver/Src/stm32f1xx_hal_pcd.o
                0x08001bc4                HAL_PCD_EP_Receive
 .text.HAL_PCD_EP_GetRxCount
                0x08001c38       0x28 Drivers/STM32F1xx_HAL_Driver/Src/stm32f1xx_hal_pcd.o
                0x08001c38                HAL_PCD_EP_GetRxCount
 .text.HAL_PCD_EP_Transmit
                0x08001c60       0x72 Drivers/STM32F1xx_HAL_Driver/Src/stm32f1xx_hal_pcd.o
                0x08001c60                HAL_PCD_EP_Transmit
 .text.HAL_PCD_EP_SetStall
                0x08001cd2       0xb4 Drivers/STM32F1xx_HAL_Driver/Src/stm32f1xx_hal_pcd.o
                0x08001cd2                HAL_PCD_EP_SetStall
 .text.HAL_PCD_EP_ClrStall
                0x08001d86       0x9c Drivers/STM32F1xx_HAL_Driver/Src/stm32f1xx_hal_pcd.o
                0x08001d86                HAL_PCD_EP_ClrStall
 *fill*         0x08001e22        0x2 
 .text.PCD_EP_ISR_Handler
                0x08001e24      0x534 Drivers/STM32F1xx_HAL_Driver/Src/stm32f1xx_hal_pcd.o
 .text.HAL_PCDEx_PMAConfig
                0x08002358       0x78 Drivers/STM32F1xx_HAL_Driver/Src/stm32f1xx_hal_pcd_ex.o
                0x08002358                HAL_PCDEx_PMAConfig
 .text.HAL_RCC_OscConfig
                0x080023d0      0x500 Drivers/STM32F1xx_HAL_Driver/Src/stm32f1xx_hal_rcc.o
                0x080023d0                HAL_RCC_OscConfig
 .text.HAL_RCC_ClockConfig
                0x080028d0      0x1d4 Drivers/STM32F1xx_HAL_Driver/Src/stm32f1xx_hal_rcc.o
                0x080028d0                HAL_RCC_ClockConfig
 .text.HAL_RCC_EnableCSS
                0x08002aa4       0x18 Drivers/STM32F1xx_HAL_Driver/Src/stm32f1xx_hal_rcc.o
                0x08002aa4                HAL_RCC_EnableCSS
 .text.HAL_RCC_GetSysClockFreq
                0x08002abc       0xc4 Drivers/STM32F1xx_HAL_Driver/Src/stm32f1xx_hal_rcc.o
                0x08002abc                HAL_RCC_GetSysClockFreq
 .text.HAL_RCC_GetHCLKFreq
                0x08002b80       0x14 Drivers/STM32F1xx_HAL_Driver/Src/stm32f1xx_hal_rcc.o
                0x08002b80                HAL_RCC_GetHCLKFreq
 .text.HAL_RCC_GetPCLK1Freq
                0x08002b94       0x28 Drivers/STM32F1xx_HAL_Driver/Src/stm32f1xx_hal_rcc.o
                0x08002b94                HAL_RCC_GetPCLK1Freq
 .text.RCC_Delay
                0x08002bbc       0x3c Drivers/STM32F1xx_HAL_Driver/Src/stm32f1xx_hal_rcc.o
 .text.HAL_RCCEx_PeriphCLKConfig
                0x08002bf8      0x16c Drivers/STM32F1xx_HAL_Driver/Src/stm32f1xx_hal_rcc_ex.o
                0x08002bf8                HAL_RCCEx_PeriphCLKConfig
 .text.USB_CoreInit
                0x08002d64       0x20 Drivers/STM32F1xx_HAL_Driver/Src/stm32f1xx_ll_usb.o
                0x08002d64                USB_CoreInit
 .text.USB_EnableGlobalInt
                0x08002d84       0x2e Drivers/STM32F1xx_HAL_Driver/Src/stm32f1xx_ll_usb.o
                0x08002d84                USB_EnableGlobalInt
 .text.USB_DisableGlobalInt
                0x08002db2       0x38 Drivers/STM32F1xx_HAL_Driver/Src/stm32f1xx_ll_usb.o
                0x08002db2                USB_DisableGlobalInt
 .text.USB_SetCurrentMode
                0x08002dea       0x18 Drivers/STM32F1xx_HAL_Driver/Src/stm32f1xx_ll_usb.o
                0x08002dea                USB_SetCurrentMode
 .text.USB_DevInit
                0x08002e02       0x48 Drivers/STM32F1xx_HAL_Driver/Src/stm32f1xx_ll_usb.o
                0x08002e02                USB_DevInit
 *fill*         0x08002e4a        0x2 
 .text.USB_ActivateEndpoint
                0x08002e4c      0x5dc Drivers/STM32F1xx_HAL_Driver/Src/stm32f1xx_ll_usb.o
                0x08002e4c                USB_ActivateEndpoint
 .text.USB_DeactivateEndpoint
                0x08003428      0x32c Drivers/STM32F1xx_HAL_Driver/Src/stm32f1xx_ll_usb.o
                0x08003428                USB_DeactivateEndpoint
 .text.USB_EPStartXfer
                0x08003754      0x570 Drivers/STM32F1xx_HAL_Driver/Src/stm32f1xx_ll_usb.o
                0x08003754                USB_EPStartXfer
 .text.USB_EPSetStall
                0x08003cc4       0x84 Drivers/STM32F1xx_HAL_Driver/Src/stm32f1xx_ll_usb.o
                0x08003cc4                USB_EPSetStall
 .text.USB_EPClearStall
                0x08003d48      0x128 Drivers/STM32F1xx_HAL_Driver/Src/stm32f1xx_ll_usb.o
                0x08003d48                USB_EPClearStall
 .text.USB_SetDevAddress
                0x08003e70       0x26 Drivers/STM32F1xx_HAL_Driver/Src/stm32f1xx_ll_usb.o
                0x08003e70                USB_SetDevAddress
 .text.USB_DevConnect
                0x08003e96       0x14 Drivers/STM32F1xx_HAL_Driver/Src/stm32f1xx_ll_usb.o
                0x08003e96                USB_DevConnect
 .text.USB_DevDisconnect
                0x08003eaa       0x14 Drivers/STM32F1xx_HAL_Driver/Src/stm32f1xx_ll_usb.o
                0x08003eaa                USB_DevDisconnect
 .text.USB_ReadInterrupts
                0x08003ebe       0x1e Drivers/STM32F1xx_HAL_Driver/Src/stm32f1xx_ll_usb.o
                0x08003ebe                USB_ReadInterrupts
 .text.USB_EP0_OutStart
                0x08003edc       0x16 Drivers/STM32F1xx_HAL_Driver/Src/stm32f1xx_ll_usb.o
                0x08003edc                USB_EP0_OutStart
 .text.USB_WritePMA
                0x08003ef2       0x88 Drivers/STM32F1xx_HAL_Driver/Src/stm32f1xx_ll_usb.o
                0x08003ef2                USB_WritePMA
 .text.USB_ReadPMA
                0x08003f7a       0x9e Drivers/STM32F1xx_HAL_Driver/Src/stm32f1xx_ll_usb.o
                0x08003f7a                USB_ReadPMA
 .text.USBD_CDC_Init
                0x08004018       0xf4 Middlewares/ST/STM32_USB_Device_Library/Class/CDC/Src/usbd_cdc.o
 .text.USBD_CDC_DeInit
                0x0800410c       0x6e Middlewares/ST/STM32_USB_Device_Library/Class/CDC/Src/usbd_cdc.o
 .text.USBD_CDC_Setup
                0x0800417a      0x140 Middlewares/ST/STM32_USB_Device_Library/Class/CDC/Src/usbd_cdc.o
 .text.USBD_CDC_DataIn
                0x080042ba       0xa0 Middlewares/ST/STM32_USB_Device_Library/Class/CDC/Src/usbd_cdc.o
 .text.USBD_CDC_DataOut
                0x0800435a       0x56 Middlewares/ST/STM32_USB_Device_Library/Class/CDC/Src/usbd_cdc.o
 .text.USBD_CDC_EP0_RxReady
                0x080043b0       0x50 Middlewares/ST/STM32_USB_Device_Library/Class/CDC/Src/usbd_cdc.o
 .text.USBD_CDC_GetFSCfgDesc
                0x08004400       0x20 Middlewares/ST/STM32_USB_Device_Library/Class/CDC/Src/usbd_cdc.o
 .text.USBD_CDC_GetHSCfgDesc
                0x08004420       0x20 Middlewares/ST/STM32_USB_Device_Library/Class/CDC/Src/usbd_cdc.o
 .text.USBD_CDC_GetOtherSpeedCfgDesc
                0x08004440       0x20 Middlewares/ST/STM32_USB_Device_Library/Class/CDC/Src/usbd_cdc.o
 .text.USBD_CDC_GetDeviceQualifierDescriptor
                0x08004460       0x20 Middlewares/ST/STM32_USB_Device_Library/Class/CDC/Src/usbd_cdc.o
                0x08004460                USBD_CDC_GetDeviceQualifierDescriptor
 .text.USBD_CDC_RegisterInterface
                0x08004480       0x2c Middlewares/ST/STM32_USB_Device_Library/Class/CDC/Src/usbd_cdc.o
                0x08004480                USBD_CDC_RegisterInterface
 .text.USBD_CDC_SetTxBuffer
                0x080044ac       0x32 Middlewares/ST/STM32_USB_Device_Library/Class/CDC/Src/usbd_cdc.o
                0x080044ac                USBD_CDC_SetTxBuffer
 .text.USBD_CDC_SetRxBuffer
                0x080044de       0x26 Middlewares/ST/STM32_USB_Device_Library/Class/CDC/Src/usbd_cdc.o
                0x080044de                USBD_CDC_SetRxBuffer
 .text.USBD_CDC_ReceivePacket
                0x08004504       0x54 Middlewares/ST/STM32_USB_Device_Library/Class/CDC/Src/usbd_cdc.o
                0x08004504                USBD_CDC_ReceivePacket
 .text.USBD_Init
                0x08004558       0x56 Middlewares/ST/STM32_USB_Device_Library/Core/Src/usbd_core.o
                0x08004558                USBD_Init
 .text.USBD_RegisterClass
                0x080045ae       0x32 Middlewares/ST/STM32_USB_Device_Library/Core/Src/usbd_core.o
                0x080045ae                USBD_RegisterClass
 .text.USBD_Start
                0x080045e0       0x18 Middlewares/ST/STM32_USB_Device_Library/Core/Src/usbd_core.o
                0x080045e0                USBD_Start
 .text.USBD_RunTestMode
                0x080045f8       0x14 Middlewares/ST/STM32_USB_Device_Library/Core/Src/usbd_core.o
                0x080045f8                USBD_RunTestMode
 .text.USBD_SetClassConfig
                0x0800460c       0x3e Middlewares/ST/STM32_USB_Device_Library/Core/Src/usbd_core.o
                0x0800460c                USBD_SetClassConfig
 .text.USBD_ClrClassConfig
                0x0800464a       0x26 Middlewares/ST/STM32_USB_Device_Library/Core/Src/usbd_core.o
                0x0800464a                USBD_ClrClassConfig
 .text.USBD_LL_SetupStage
                0x08004670       0x96 Middlewares/ST/STM32_USB_Device_Library/Core/Src/usbd_core.o
                0x08004670                USBD_LL_SetupStage
 .text.USBD_LL_DataOutStage
                0x08004706       0xe2 Middlewares/ST/STM32_USB_Device_Library/Core/Src/usbd_core.o
                0x08004706                USBD_LL_DataOutStage
 .text.USBD_LL_DataInStage
                0x080047e8      0x14a Middlewares/ST/STM32_USB_Device_Library/Core/Src/usbd_core.o
                0x080047e8                USBD_LL_DataInStage
 .text.USBD_LL_Reset
                0x08004932       0x82 Middlewares/ST/STM32_USB_Device_Library/Core/Src/usbd_core.o
                0x08004932                USBD_LL_Reset
 .text.USBD_LL_SetSpeed
                0x080049b4       0x1e Middlewares/ST/STM32_USB_Device_Library/Core/Src/usbd_core.o
                0x080049b4                USBD_LL_SetSpeed
 .text.USBD_LL_Suspend
                0x080049d2       0x28 Middlewares/ST/STM32_USB_Device_Library/Core/Src/usbd_core.o
                0x080049d2                USBD_LL_Suspend
 .text.USBD_LL_Resume
                0x080049fa       0x2a Middlewares/ST/STM32_USB_Device_Library/Core/Src/usbd_core.o
                0x080049fa                USBD_LL_Resume
 .text.USBD_LL_SOF
                0x08004a24       0x34 Middlewares/ST/STM32_USB_Device_Library/Core/Src/usbd_core.o
                0x08004a24                USBD_LL_SOF
 .text.USBD_StdDevReq
                0x08004a58       0xd4 Middlewares/ST/STM32_USB_Device_Library/Core/Src/usbd_ctlreq.o
                0x08004a58                USBD_StdDevReq
 .text.USBD_StdItfReq
                0x08004b2c       0x8c Middlewares/ST/STM32_USB_Device_Library/Core/Src/usbd_ctlreq.o
                0x08004b2c                USBD_StdItfReq
 .text.USBD_StdEPReq
                0x08004bb8      0x2ba Middlewares/ST/STM32_USB_Device_Library/Core/Src/usbd_ctlreq.o
                0x08004bb8                USBD_StdEPReq
 *fill*         0x08004e72        0x2 
 .text.USBD_GetDescriptor
                0x08004e74      0x2d0 Middlewares/ST/STM32_USB_Device_Library/Core/Src/usbd_ctlreq.o
 .text.USBD_SetAddress
                0x08005144       0x84 Middlewares/ST/STM32_USB_Device_Library/Core/Src/usbd_ctlreq.o
 .text.USBD_SetConfig
                0x080051c8      0x11c Middlewares/ST/STM32_USB_Device_Library/Core/Src/usbd_ctlreq.o
 .text.USBD_GetConfig
                0x080052e4       0x68 Middlewares/ST/STM32_USB_Device_Library/Core/Src/usbd_ctlreq.o
 .text.USBD_GetStatus
                0x0800534c       0x66 Middlewares/ST/STM32_USB_Device_Library/Core/Src/usbd_ctlreq.o
 .text.USBD_SetFeature
                0x080053b2       0x28 Middlewares/ST/STM32_USB_Device_Library/Core/Src/usbd_ctlreq.o
 .text.USBD_ClrFeature
                0x080053da       0x42 Middlewares/ST/STM32_USB_Device_Library/Core/Src/usbd_ctlreq.o
 .text.USBD_ParseSetupRequest
                0x0800541c       0x78 Middlewares/ST/STM32_USB_Device_Library/Core/Src/usbd_ctlreq.o
                0x0800541c                USBD_ParseSetupRequest
 .text.USBD_CtlError
                0x08005494       0x22 Middlewares/ST/STM32_USB_Device_Library/Core/Src/usbd_ctlreq.o
                0x08005494                USBD_CtlError
 .text.USBD_GetString
                0x080054b6       0x84 Middlewares/ST/STM32_USB_Device_Library/Core/Src/usbd_ctlreq.o
                0x080054b6                USBD_GetString
 .text.USBD_GetLen
                0x0800553a       0x2e Middlewares/ST/STM32_USB_Device_Library/Core/Src/usbd_ctlreq.o
 .text.USBD_CtlSendData
                0x08005568       0x38 Middlewares/ST/STM32_USB_Device_Library/Core/Src/usbd_ioreq.o
                0x08005568                USBD_CtlSendData
 .text.USBD_CtlContinueSendData
                0x080055a0       0x24 Middlewares/ST/STM32_USB_Device_Library/Core/Src/usbd_ioreq.o
                0x080055a0                USBD_CtlContinueSendData
 .text.USBD_CtlPrepareRx
                0x080055c4       0x3c Middlewares/ST/STM32_USB_Device_Library/Core/Src/usbd_ioreq.o
                0x080055c4                USBD_CtlPrepareRx
 .text.USBD_CtlContinueRx
                0x08005600       0x24 Middlewares/ST/STM32_USB_Device_Library/Core/Src/usbd_ioreq.o
                0x08005600                USBD_CtlContinueRx
 .text.USBD_CtlSendStatus
                0x08005624       0x26 Middlewares/ST/STM32_USB_Device_Library/Core/Src/usbd_ioreq.o
                0x08005624                USBD_CtlSendStatus
 .text.USBD_CtlReceiveStatus
                0x0800564a       0x26 Middlewares/ST/STM32_USB_Device_Library/Core/Src/usbd_ioreq.o
                0x0800564a                USBD_CtlReceiveStatus
 .text.readacc  0x08005670       0x74 Src/main.o
                0x08005670                readacc
 .text.main     0x080056e4      0x1f4 Src/main.o
                0x080056e4                main
 .text.SystemClock_Config
                0x080058d8       0xba Src/main.o
                0x080058d8                SystemClock_Config
 *fill*         0x08005992        0x2 
 .text.MX_I2C1_Init
                0x08005994       0x5c Src/main.o
 .text.MX_GPIO_Init
                0x080059f0      0x108 Src/main.o
 .text.Error_Handler
                0x08005af8        0xc Src/main.o
                0x08005af8                Error_Handler
 .text.HAL_MspInit
                0x08005b04       0x64 Src/stm32f1xx_hal_msp.o
                0x08005b04                HAL_MspInit
 .text.HAL_I2C_MspInit
                0x08005b68       0x7c Src/stm32f1xx_hal_msp.o
                0x08005b68                HAL_I2C_MspInit
 .text.NMI_Handler
                0x08005be4        0xc Src/stm32f1xx_it.o
                0x08005be4                NMI_Handler
 .text.HardFault_Handler
                0x08005bf0        0x6 Src/stm32f1xx_it.o
                0x08005bf0                HardFault_Handler
 .text.MemManage_Handler
                0x08005bf6        0x6 Src/stm32f1xx_it.o
                0x08005bf6                MemManage_Handler
 .text.BusFault_Handler
                0x08005bfc        0x6 Src/stm32f1xx_it.o
                0x08005bfc                BusFault_Handler
 .text.UsageFault_Handler
                0x08005c02        0x6 Src/stm32f1xx_it.o
                0x08005c02                UsageFault_Handler
 .text.SVC_Handler
                0x08005c08        0xc Src/stm32f1xx_it.o
                0x08005c08                SVC_Handler
 .text.DebugMon_Handler
                0x08005c14        0xc Src/stm32f1xx_it.o
                0x08005c14                DebugMon_Handler
 .text.PendSV_Handler
                0x08005c20        0xc Src/stm32f1xx_it.o
                0x08005c20                PendSV_Handler
 .text.SysTick_Handler
                0x08005c2c        0xc Src/stm32f1xx_it.o
                0x08005c2c                SysTick_Handler
 .text.USB_LP_CAN1_RX0_IRQHandler
                0x08005c38       0x14 Src/stm32f1xx_it.o
                0x08005c38                USB_LP_CAN1_RX0_IRQHandler
 .text.SystemInit
                0x08005c4c       0x68 Src/system_stm32f1xx.o
                0x08005c4c                SystemInit
 .text.MX_USB_DEVICE_Init
                0x08005cb4       0x60 Src/usb_device.o
                0x08005cb4                MX_USB_DEVICE_Init
 .text.CDC_Init_FS
                0x08005d14       0x28 Src/usbd_cdc_if.o
 .text.CDC_DeInit_FS
                0x08005d3c        0xe Src/usbd_cdc_if.o
 *fill*         0x08005d4a        0x2 
 .text.CDC_Control_FS
                0x08005d4c       0xbc Src/usbd_cdc_if.o
 .text.CDC_Receive_FS
                0x08005e08       0x28 Src/usbd_cdc_if.o
 .text.HAL_PCD_MspInit
                0x08005e30       0x4c Src/usbd_conf.o
                0x08005e30                HAL_PCD_MspInit
 .text.HAL_PCD_SetupStageCallback
                0x08005e7c       0x24 Src/usbd_conf.o
                0x08005e7c                HAL_PCD_SetupStageCallback
 .text.HAL_PCD_DataOutStageCallback
                0x08005ea0       0x30 Src/usbd_conf.o
                0x08005ea0                HAL_PCD_DataOutStageCallback
 .text.HAL_PCD_DataInStageCallback
                0x08005ed0       0x2e Src/usbd_conf.o
                0x08005ed0                HAL_PCD_DataInStageCallback
 .text.HAL_PCD_SOFCallback
                0x08005efe       0x1c Src/usbd_conf.o
                0x08005efe                HAL_PCD_SOFCallback
 .text.HAL_PCD_ResetCallback
                0x08005f1a       0x3c Src/usbd_conf.o
                0x08005f1a                HAL_PCD_ResetCallback
 *fill*         0x08005f56        0x2 
 .text.HAL_PCD_SuspendCallback
                0x08005f58       0x34 Src/usbd_conf.o
                0x08005f58                HAL_PCD_SuspendCallback
 .text.HAL_PCD_ResumeCallback
                0x08005f8c       0x1c Src/usbd_conf.o
                0x08005f8c                HAL_PCD_ResumeCallback
 .text.USBD_LL_Init
                0x08005fa8       0xb4 Src/usbd_conf.o
                0x08005fa8                USBD_LL_Init
 .text.USBD_LL_Start
                0x0800605c       0x36 Src/usbd_conf.o
                0x0800605c                USBD_LL_Start
 .text.USBD_LL_OpenEP
                0x08006092       0x4c Src/usbd_conf.o
                0x08006092                USBD_LL_OpenEP
 .text.USBD_LL_CloseEP
                0x080060de       0x3e Src/usbd_conf.o
                0x080060de                USBD_LL_CloseEP
 .text.USBD_LL_StallEP
                0x0800611c       0x3e Src/usbd_conf.o
                0x0800611c                USBD_LL_StallEP
 .text.USBD_LL_ClearStallEP
                0x0800615a       0x3e Src/usbd_conf.o
                0x0800615a                USBD_LL_ClearStallEP
 .text.USBD_LL_IsStallEP
                0x08006198       0x4a Src/usbd_conf.o
                0x08006198                USBD_LL_IsStallEP
 .text.USBD_LL_SetUSBAddress
                0x080061e2       0x3e Src/usbd_conf.o
                0x080061e2                USBD_LL_SetUSBAddress
 .text.USBD_LL_Transmit
                0x08006220       0x46 Src/usbd_conf.o
                0x08006220                USBD_LL_Transmit
 .text.USBD_LL_PrepareReceive
                0x08006266       0x46 Src/usbd_conf.o
                0x08006266                USBD_LL_PrepareReceive
 .text.USBD_LL_GetRxDataSize
                0x080062ac       0x26 Src/usbd_conf.o
                0x080062ac                USBD_LL_GetRxDataSize
 *fill*         0x080062d2        0x2 
 .text.USBD_static_malloc
                0x080062d4       0x18 Src/usbd_conf.o
                0x080062d4                USBD_static_malloc
 .text.USBD_static_free
                0x080062ec       0x12 Src/usbd_conf.o
                0x080062ec                USBD_static_free
 .text.HAL_PCDEx_SetConnectionState
                0x080062fe       0x16 Src/usbd_conf.o
                0x080062fe                HAL_PCDEx_SetConnectionState
 .text.USBD_Get_USB_Status
                0x08006314       0x58 Src/usbd_conf.o
 .text.USBD_FS_DeviceDescriptor
                0x0800636c       0x24 Src/usbd_desc.o
                0x0800636c                USBD_FS_DeviceDescriptor
 .text.USBD_FS_LangIDStrDescriptor
                0x08006390       0x24 Src/usbd_desc.o
                0x08006390                USBD_FS_LangIDStrDescriptor
 .text.USBD_FS_ProductStrDescriptor
                0x080063b4       0x3c Src/usbd_desc.o
                0x080063b4                USBD_FS_ProductStrDescriptor
 .text.USBD_FS_ManufacturerStrDescriptor
                0x080063f0       0x28 Src/usbd_desc.o
                0x080063f0                USBD_FS_ManufacturerStrDescriptor
 .text.USBD_FS_SerialStrDescriptor
                0x08006418       0x24 Src/usbd_desc.o
                0x08006418                USBD_FS_SerialStrDescriptor
 .text.USBD_FS_ConfigStrDescriptor
                0x0800643c       0x3c Src/usbd_desc.o
                0x0800643c                USBD_FS_ConfigStrDescriptor
 .text.USBD_FS_InterfaceStrDescriptor
                0x08006478       0x3c Src/usbd_desc.o
                0x08006478                USBD_FS_InterfaceStrDescriptor
 .text.Get_SerialNum
                0x080064b4       0x58 Src/usbd_desc.o
 .text.IntToUnicode
                0x0800650c       0x7a Src/usbd_desc.o
 *fill*         0x08006586        0x2 
 .text.Reset_Handler
                0x08006588       0x48 startup/startup_stm32f103xb.o
                0x08006588                Reset_Handler
 .text.Default_Handler
                0x080065d0        0x2 startup/startup_stm32f103xb.o
                0x080065d0                RTC_Alarm_IRQHandler
                0x080065d0                EXTI2_IRQHandler
                0x080065d0                TIM1_CC_IRQHandler
                0x080065d0                PVD_IRQHandler
                0x080065d0                EXTI3_IRQHandler
                0x080065d0                EXTI0_IRQHandler
                0x080065d0                I2C2_EV_IRQHandler
                0x080065d0                ADC1_2_IRQHandler
                0x080065d0                SPI1_IRQHandler
                0x080065d0                TAMPER_IRQHandler
                0x080065d0                DMA1_Channel4_IRQHandler
                0x080065d0                USART3_IRQHandler
                0x080065d0                RTC_IRQHandler
                0x080065d0                DMA1_Channel7_IRQHandler
                0x080065d0                CAN1_RX1_IRQHandler
                0x080065d0                TIM4_IRQHandler
                0x080065d0                I2C1_EV_IRQHandler
                0x080065d0                DMA1_Channel6_IRQHandler
                0x080065d0                TIM3_IRQHandler
                0x080065d0                RCC_IRQHandler
                0x080065d0                TIM1_TRG_COM_IRQHandler
                0x080065d0                DMA1_Channel1_IRQHandler
                0x080065d0                Default_Handler
                0x080065d0                EXTI15_10_IRQHandler
                0x080065d0                EXTI9_5_IRQHandler
                0x080065d0                SPI2_IRQHandler
                0x080065d0                DMA1_Channel5_IRQHandler
                0x080065d0                EXTI4_IRQHandler
                0x080065d0                USB_HP_CAN1_TX_IRQHandler
                0x080065d0                DMA1_Channel3_IRQHandler
                0x080065d0                TIM1_UP_IRQHandler
                0x080065d0                WWDG_IRQHandler
                0x080065d0                TIM2_IRQHandler
                0x080065d0                TIM1_BRK_IRQHandler
                0x080065d0                EXTI1_IRQHandler
                0x080065d0                USART2_IRQHandler
                0x080065d0                I2C2_ER_IRQHandler
                0x080065d0                DMA1_Channel2_IRQHandler
                0x080065d0                CAN1_SCE_IRQHandler
                0x080065d0                FLASH_IRQHandler
                0x080065d0                USART1_IRQHandler
                0x080065d0                I2C1_ER_IRQHandler
                0x080065d0                USBWakeUp_IRQHandler
 *fill*         0x080065d2        0x2 
 .text.__libc_init_array
                0x080065d4       0x48 c:/ac6/systemworkbench/plugins/fr.ac6.mcu.externaltools.arm-none.win32_1.17.0.201812190825/tools/compiler/bin/../lib/gcc/arm-none-eabi/7.3.1/../../../../arm-none-eabi/lib/thumb/v7-m\libc_nano.a(lib_a-init.o)
                0x080065d4                __libc_init_array
 .text.memset   0x0800661c       0x10 c:/ac6/systemworkbench/plugins/fr.ac6.mcu.externaltools.arm-none.win32_1.17.0.201812190825/tools/compiler/bin/../lib/gcc/arm-none-eabi/7.3.1/../../../../arm-none-eabi/lib/thumb/v7-m\libc_nano.a(lib_a-memset.o)
                0x0800661c                memset
 *(.glue_7)
 .glue_7        0x0800662c        0x0 linker stubs
 *(.glue_7t)
 .glue_7t       0x0800662c        0x0 linker stubs
 *(.eh_frame)
 .eh_frame      0x0800662c        0x0 c:/ac6/systemworkbench/plugins/fr.ac6.mcu.externaltools.arm-none.win32_1.17.0.201812190825/tools/compiler/bin/../lib/gcc/arm-none-eabi/7.3.1/thumb/v7-m/crtbegin.o
 *(.init)
 .init          0x0800662c        0x4 c:/ac6/systemworkbench/plugins/fr.ac6.mcu.externaltools.arm-none.win32_1.17.0.201812190825/tools/compiler/bin/../lib/gcc/arm-none-eabi/7.3.1/thumb/v7-m/crti.o
                0x0800662c                _init
 .init          0x08006630        0x8 c:/ac6/systemworkbench/plugins/fr.ac6.mcu.externaltools.arm-none.win32_1.17.0.201812190825/tools/compiler/bin/../lib/gcc/arm-none-eabi/7.3.1/thumb/v7-m/crtn.o
 *(.fini)
 .fini          0x08006638        0x4 c:/ac6/systemworkbench/plugins/fr.ac6.mcu.externaltools.arm-none.win32_1.17.0.201812190825/tools/compiler/bin/../lib/gcc/arm-none-eabi/7.3.1/thumb/v7-m/crti.o
                0x08006638                _fini
 .fini          0x0800663c        0x8 c:/ac6/systemworkbench/plugins/fr.ac6.mcu.externaltools.arm-none.win32_1.17.0.201812190825/tools/compiler/bin/../lib/gcc/arm-none-eabi/7.3.1/thumb/v7-m/crtn.o
                0x08006644                . = ALIGN (0x4)
                0x08006644                _etext = .

.vfp11_veneer   0x08006644        0x0
 .vfp11_veneer  0x08006644        0x0 linker stubs

.v4_bx          0x08006644        0x0
 .v4_bx         0x08006644        0x0 linker stubs

.iplt           0x08006644        0x0
 .iplt          0x08006644        0x0 c:/ac6/systemworkbench/plugins/fr.ac6.mcu.externaltools.arm-none.win32_1.17.0.201812190825/tools/compiler/bin/../lib/gcc/arm-none-eabi/7.3.1/thumb/v7-m/crtbegin.o

.rodata         0x08006644       0x74
                0x08006644                . = ALIGN (0x4)
 *(.rodata)
 .rodata        0x08006644       0x12 Drivers/STM32F1xx_HAL_Driver/Src/stm32f1xx_hal_rcc.o
 *fill*         0x08006656        0x2 
 .rodata        0x08006658       0x18 Src/system_stm32f1xx.o
                0x08006658                AHBPrescTable
                0x08006668                APBPrescTable
 .rodata        0x08006670       0x46 Src/usbd_desc.o
 *(.rodata*)
                0x080066b8                . = ALIGN (0x4)
 *fill*         0x080066b6        0x2 

.rel.dyn        0x080066b8        0x0
 .rel.iplt      0x080066b8        0x0 c:/ac6/systemworkbench/plugins/fr.ac6.mcu.externaltools.arm-none.win32_1.17.0.201812190825/tools/compiler/bin/../lib/gcc/arm-none-eabi/7.3.1/thumb/v7-m/crtbegin.o

.ARM.extab
 *(.ARM.extab* .gnu.linkonce.armextab.*)

.ARM            0x080066b8        0x0
                0x080066b8                __exidx_start = .
 *(.ARM.exidx*)
                0x080066b8                __exidx_end = .

.preinit_array  0x080066b8        0x0
                0x080066b8                PROVIDE (__preinit_array_start = .)
 *(.preinit_array*)
                0x080066b8                PROVIDE (__preinit_array_end = .)

.init_array     0x080066b8        0x4
                0x080066b8                PROVIDE (__init_array_start = .)
 *(SORT_BY_NAME(.init_array.*))
 *(.init_array*)
 .init_array    0x080066b8        0x4 c:/ac6/systemworkbench/plugins/fr.ac6.mcu.externaltools.arm-none.win32_1.17.0.201812190825/tools/compiler/bin/../lib/gcc/arm-none-eabi/7.3.1/thumb/v7-m/crtbegin.o
                0x080066bc                PROVIDE (__init_array_end = .)

.fini_array     0x080066bc        0x4
                [!provide]                PROVIDE (__fini_array_start = .)
 *(SORT_BY_NAME(.fini_array.*))
 *(.fini_array*)
 .fini_array    0x080066bc        0x4 c:/ac6/systemworkbench/plugins/fr.ac6.mcu.externaltools.arm-none.win32_1.17.0.201812190825/tools/compiler/bin/../lib/gcc/arm-none-eabi/7.3.1/thumb/v7-m/crtbegin.o
                [!provide]                PROVIDE (__fini_array_end = .)
                0x080066c0                _sidata = LOADADDR (.data)

.data           0x20000000      0x17c load address 0x080066c0
                0x20000000                . = ALIGN (0x4)
                0x20000000                _sdata = .
 *(.data)
 .data          0x20000000        0x5 Drivers/STM32F1xx_HAL_Driver/Src/stm32f1xx_hal.o
                0x20000000                uwTickPrio
                0x20000004                uwTickFreq
 *fill*         0x20000005        0x3 
 .data          0x20000008      0x10f Middlewares/ST/STM32_USB_Device_Library/Class/CDC/Src/usbd_cdc.o
                0x20000014                USBD_CDC
                0x2000004c                USBD_CDC_CfgHSDesc
                0x20000090                USBD_CDC_CfgFSDesc
                0x200000d4                USBD_CDC_OtherSpeedCfgDesc
 *fill*         0x20000117        0x1 
 .data          0x20000118        0x4 Src/system_stm32f1xx.o
                0x20000118                SystemCoreClock
 .data          0x2000011c       0x10 Src/usbd_cdc_if.o
                0x2000011c                USBD_Interface_fops_FS
 .data          0x2000012c       0x4e Src/usbd_desc.o
                0x2000012c                FS_Desc
                0x20000148                USBD_FS_DeviceDesc
                0x2000015c                USBD_LangIDDesc
                0x20000160                USBD_StringSerial
 *(.data*)
                0x2000017c                . = ALIGN (0x4)
 *fill*         0x2000017a        0x2 
                0x2000017c                _edata = .

.igot.plt       0x2000017c        0x0 load address 0x0800683c
 .igot.plt      0x2000017c        0x0 c:/ac6/systemworkbench/plugins/fr.ac6.mcu.externaltools.arm-none.win32_1.17.0.201812190825/tools/compiler/bin/../lib/gcc/arm-none-eabi/7.3.1/thumb/v7-m/crtbegin.o
                0x2000017c                . = ALIGN (0x4)

.bss            0x2000017c     0x1198 load address 0x0800683c
                0x2000017c                _sbss = .
                0x2000017c                __bss_start__ = _sbss
 *(.bss)
 .bss           0x2000017c       0x1c c:/ac6/systemworkbench/plugins/fr.ac6.mcu.externaltools.arm-none.win32_1.17.0.201812190825/tools/compiler/bin/../lib/gcc/arm-none-eabi/7.3.1/thumb/v7-m/crtbegin.o
 .bss           0x20000198        0x1 Middlewares/ST/STM32_USB_Device_Library/Core/Src/usbd_ctlreq.o
 *fill*         0x20000199        0x3 
 .bss           0x2000019c      0x220 Src/usbd_conf.o
 *(.bss*)
 *(COMMON)
 COMMON         0x200003bc        0x4 Drivers/STM32F1xx_HAL_Driver/Src/stm32f1xx_hal.o
                0x200003bc                uwTick
 COMMON         0x200003c0       0x54 Src/main.o
                0x200003c0                hi2c1
 COMMON         0x20000414      0x2c4 Src/usb_device.o
                0x20000414                hUsbDeviceFS
 COMMON         0x200006d8      0x7d0 Src/usbd_cdc_if.o
                0x200006d8                UserRxBufferFS
                0x20000ac0                UserTxBufferFS
 COMMON         0x20000ea8      0x26c Src/usbd_conf.o
                0x20000ea8                hpcd_USB_FS
 COMMON         0x20001114      0x200 Src/usbd_desc.o
                0x20001114                USBD_StrDesc
                0x20001314                . = ALIGN (0x4)
                0x20001314                _ebss = .
                0x20001314                __bss_end__ = _ebss

._user_heap_stack
                0x20001314      0xa04 load address 0x0800683c
                0x20001318                . = ALIGN (0x8)
 *fill*         0x20001314        0x4 
                0x20001318                PROVIDE (end = .)
                [!provide]                PROVIDE (_end = .)
                0x20001918                . = (. + _Min_Heap_Size)
 *fill*         0x20001318      0x600 
                0x20001d18                . = (. + _Min_Stack_Size)
 *fill*         0x20001918      0x400 
                0x20001d18                . = ALIGN (0x8)

/DISCARD/
 libc.a(*)
 libm.a(*)
 libgcc.a(*)

.ARM.attributes
                0x00000000       0x29
 *(.ARM.attributes)
 .ARM.attributes
                0x00000000       0x1d c:/ac6/systemworkbench/plugins/fr.ac6.mcu.externaltools.arm-none.win32_1.17.0.201812190825/tools/compiler/bin/../lib/gcc/arm-none-eabi/7.3.1/thumb/v7-m/crti.o
 .ARM.attributes
                0x0000001d       0x2d c:/ac6/systemworkbench/plugins/fr.ac6.mcu.externaltools.arm-none.win32_1.17.0.201812190825/tools/compiler/bin/../lib/gcc/arm-none-eabi/7.3.1/thumb/v7-m/crtbegin.o
 .ARM.attributes
                0x0000004a       0x33 Drivers/STM32F1xx_HAL_Driver/Src/stm32f1xx_hal.o
 .ARM.attributes
                0x0000007d       0x33 Drivers/STM32F1xx_HAL_Driver/Src/stm32f1xx_hal_cortex.o
 .ARM.attributes
                0x000000b0       0x33 Drivers/STM32F1xx_HAL_Driver/Src/stm32f1xx_hal_gpio.o
 .ARM.attributes
                0x000000e3       0x33 Drivers/STM32F1xx_HAL_Driver/Src/stm32f1xx_hal_i2c.o
 .ARM.attributes
                0x00000116       0x33 Drivers/STM32F1xx_HAL_Driver/Src/stm32f1xx_hal_pcd.o
 .ARM.attributes
                0x00000149       0x33 Drivers/STM32F1xx_HAL_Driver/Src/stm32f1xx_hal_pcd_ex.o
 .ARM.attributes
                0x0000017c       0x33 Drivers/STM32F1xx_HAL_Driver/Src/stm32f1xx_hal_rcc.o
 .ARM.attributes
                0x000001af       0x33 Drivers/STM32F1xx_HAL_Driver/Src/stm32f1xx_hal_rcc_ex.o
 .ARM.attributes
                0x000001e2       0x33 Drivers/STM32F1xx_HAL_Driver/Src/stm32f1xx_ll_usb.o
 .ARM.attributes
                0x00000215       0x33 Middlewares/ST/STM32_USB_Device_Library/Class/CDC/Src/usbd_cdc.o
 .ARM.attributes
                0x00000248       0x33 Middlewares/ST/STM32_USB_Device_Library/Core/Src/usbd_core.o
 .ARM.attributes
                0x0000027b       0x33 Middlewares/ST/STM32_USB_Device_Library/Core/Src/usbd_ctlreq.o
 .ARM.attributes
                0x000002ae       0x33 Middlewares/ST/STM32_USB_Device_Library/Core/Src/usbd_ioreq.o
 .ARM.attributes
                0x000002e1       0x33 Src/main.o
 .ARM.attributes
                0x00000314       0x33 Src/stm32f1xx_hal_msp.o
 .ARM.attributes
                0x00000347       0x33 Src/stm32f1xx_it.o
 .ARM.attributes
                0x0000037a       0x33 Src/system_stm32f1xx.o
 .ARM.attributes
                0x000003ad       0x33 Src/usb_device.o
 .ARM.attributes
                0x000003e0       0x33 Src/usbd_cdc_if.o
 .ARM.attributes
                0x00000413       0x33 Src/usbd_conf.o
 .ARM.attributes
                0x00000446       0x33 Src/usbd_desc.o
 .ARM.attributes
                0x00000479       0x21 startup/startup_stm32f103xb.o
 .ARM.attributes
                0x0000049a       0x2d c:/ac6/systemworkbench/plugins/fr.ac6.mcu.externaltools.arm-none.win32_1.17.0.201812190825/tools/compiler/bin/../lib/gcc/arm-none-eabi/7.3.1/../../../../arm-none-eabi/lib/thumb/v7-m\libc_nano.a(lib_a-init.o)
 .ARM.attributes
                0x000004c7       0x2d c:/ac6/systemworkbench/plugins/fr.ac6.mcu.externaltools.arm-none.win32_1.17.0.201812190825/tools/compiler/bin/../lib/gcc/arm-none-eabi/7.3.1/../../../../arm-none-eabi/lib/thumb/v7-m\libc_nano.a(lib_a-memset.o)
 .ARM.attributes
                0x000004f4       0x1d c:/ac6/systemworkbench/plugins/fr.ac6.mcu.externaltools.arm-none.win32_1.17.0.201812190825/tools/compiler/bin/../lib/gcc/arm-none-eabi/7.3.1/thumb/v7-m/crtn.o
OUTPUT(acctestf1.elf elf32-littlearm)

.debug_info     0x00000000    0x12f16
 .debug_info    0x00000000      0x6fe Drivers/STM32F1xx_HAL_Driver/Src/stm32f1xx_hal.o
 .debug_info    0x000006fe      0xb46 Drivers/STM32F1xx_HAL_Driver/Src/stm32f1xx_hal_cortex.o
 .debug_info    0x00001244      0x681 Drivers/STM32F1xx_HAL_Driver/Src/stm32f1xx_hal_gpio.o
 .debug_info    0x000018c5     0x2457 Drivers/STM32F1xx_HAL_Driver/Src/stm32f1xx_hal_i2c.o
 .debug_info    0x00003d1c      0xe38 Drivers/STM32F1xx_HAL_Driver/Src/stm32f1xx_hal_pcd.o
 .debug_info    0x00004b54      0x760 Drivers/STM32F1xx_HAL_Driver/Src/stm32f1xx_hal_pcd_ex.o
 .debug_info    0x000052b4      0x804 Drivers/STM32F1xx_HAL_Driver/Src/stm32f1xx_hal_rcc.o
 .debug_info    0x00005ab8      0x439 Drivers/STM32F1xx_HAL_Driver/Src/stm32f1xx_hal_rcc_ex.o
 .debug_info    0x00005ef1     0x14f9 Drivers/STM32F1xx_HAL_Driver/Src/stm32f1xx_ll_usb.o
 .debug_info    0x000073ea     0x17a1 Middlewares/ST/STM32_USB_Device_Library/Class/CDC/Src/usbd_cdc.o
 .debug_info    0x00008b8b     0x11d2 Middlewares/ST/STM32_USB_Device_Library/Core/Src/usbd_core.o
 .debug_info    0x00009d5d     0x1142 Middlewares/ST/STM32_USB_Device_Library/Core/Src/usbd_ctlreq.o
 .debug_info    0x0000ae9f      0xf33 Middlewares/ST/STM32_USB_Device_Library/Core/Src/usbd_ioreq.o
 .debug_info    0x0000bdd2     0x1442 Src/main.o
 .debug_info    0x0000d214      0x8ba Src/stm32f1xx_hal_msp.o
 .debug_info    0x0000dace      0x681 Src/stm32f1xx_it.o
 .debug_info    0x0000e14f      0x433 Src/system_stm32f1xx.o
 .debug_info    0x0000e582      0xe7b Src/usb_device.o
 .debug_info    0x0000f3fd     0x103b Src/usbd_cdc_if.o
 .debug_info    0x00010438     0x1da5 Src/usbd_conf.o
 .debug_info    0x000121dd      0xd17 Src/usbd_desc.o
 .debug_info    0x00012ef4       0x22 startup/startup_stm32f103xb.o

.debug_abbrev   0x00000000     0x2dfb
 .debug_abbrev  0x00000000      0x1d8 Drivers/STM32F1xx_HAL_Driver/Src/stm32f1xx_hal.o
 .debug_abbrev  0x000001d8      0x2d5 Drivers/STM32F1xx_HAL_Driver/Src/stm32f1xx_hal_cortex.o
 .debug_abbrev  0x000004ad      0x1c0 Drivers/STM32F1xx_HAL_Driver/Src/stm32f1xx_hal_gpio.o
 .debug_abbrev  0x0000066d      0x258 Drivers/STM32F1xx_HAL_Driver/Src/stm32f1xx_hal_i2c.o
 .debug_abbrev  0x000008c5      0x263 Drivers/STM32F1xx_HAL_Driver/Src/stm32f1xx_hal_pcd.o
 .debug_abbrev  0x00000b28      0x188 Drivers/STM32F1xx_HAL_Driver/Src/stm32f1xx_hal_pcd_ex.o
 .debug_abbrev  0x00000cb0      0x243 Drivers/STM32F1xx_HAL_Driver/Src/stm32f1xx_hal_rcc.o
 .debug_abbrev  0x00000ef3      0x175 Drivers/STM32F1xx_HAL_Driver/Src/stm32f1xx_hal_rcc_ex.o
 .debug_abbrev  0x00001068      0x1c5 Drivers/STM32F1xx_HAL_Driver/Src/stm32f1xx_ll_usb.o
 .debug_abbrev  0x0000122d      0x2df Middlewares/ST/STM32_USB_Device_Library/Class/CDC/Src/usbd_cdc.o
 .debug_abbrev  0x0000150c      0x297 Middlewares/ST/STM32_USB_Device_Library/Core/Src/usbd_core.o
 .debug_abbrev  0x000017a3      0x2c7 Middlewares/ST/STM32_USB_Device_Library/Core/Src/usbd_ctlreq.o
 .debug_abbrev  0x00001a6a      0x207 Middlewares/ST/STM32_USB_Device_Library/Core/Src/usbd_ioreq.o
 .debug_abbrev  0x00001c71      0x308 Src/main.o
 .debug_abbrev  0x00001f79      0x18c Src/stm32f1xx_hal_msp.o
 .debug_abbrev  0x00002105      0x155 Src/stm32f1xx_it.o
 .debug_abbrev  0x0000225a      0x134 Src/system_stm32f1xx.o
 .debug_abbrev  0x0000238e      0x1e5 Src/usb_device.o
 .debug_abbrev  0x00002573      0x2ac Src/usbd_cdc_if.o
 .debug_abbrev  0x0000281f      0x304 Src/usbd_conf.o
 .debug_abbrev  0x00002b23      0x2c6 Src/usbd_desc.o
 .debug_abbrev  0x00002de9       0x12 startup/startup_stm32f103xb.o

.debug_aranges  0x00000000      0xd20
 .debug_aranges
                0x00000000       0xe0 Drivers/STM32F1xx_HAL_Driver/Src/stm32f1xx_hal.o
 .debug_aranges
                0x000000e0      0x100 Drivers/STM32F1xx_HAL_Driver/Src/stm32f1xx_hal_cortex.o
 .debug_aranges
                0x000001e0       0x58 Drivers/STM32F1xx_HAL_Driver/Src/stm32f1xx_hal_gpio.o
 .debug_aranges
                0x00000238      0x290 Drivers/STM32F1xx_HAL_Driver/Src/stm32f1xx_hal_i2c.o
 .debug_aranges
                0x000004c8      0x120 Drivers/STM32F1xx_HAL_Driver/Src/stm32f1xx_hal_pcd.o
 .debug_aranges
                0x000005e8       0x38 Drivers/STM32F1xx_HAL_Driver/Src/stm32f1xx_hal_pcd_ex.o
 .debug_aranges
                0x00000620       0x90 Drivers/STM32F1xx_HAL_Driver/Src/stm32f1xx_hal_rcc.o
 .debug_aranges
                0x000006b0       0x30 Drivers/STM32F1xx_HAL_Driver/Src/stm32f1xx_hal_rcc_ex.o
 .debug_aranges
                0x000006e0      0x108 Drivers/STM32F1xx_HAL_Driver/Src/stm32f1xx_ll_usb.o
 .debug_aranges
                0x000007e8       0x90 Middlewares/ST/STM32_USB_Device_Library/Class/CDC/Src/usbd_cdc.o
 .debug_aranges
                0x00000878       0xb8 Middlewares/ST/STM32_USB_Device_Library/Core/Src/usbd_core.o
 .debug_aranges
                0x00000930       0x88 Middlewares/ST/STM32_USB_Device_Library/Core/Src/usbd_ctlreq.o
 .debug_aranges
                0x000009b8       0x50 Middlewares/ST/STM32_USB_Device_Library/Core/Src/usbd_ioreq.o
 .debug_aranges
                0x00000a08       0x58 Src/main.o
 .debug_aranges
                0x00000a60       0x30 Src/stm32f1xx_hal_msp.o
 .debug_aranges
                0x00000a90       0x68 Src/stm32f1xx_it.o
 .debug_aranges
                0x00000af8       0x28 Src/system_stm32f1xx.o
 .debug_aranges
                0x00000b20       0x20 Src/usb_device.o
 .debug_aranges
                0x00000b40       0x40 Src/usbd_cdc_if.o
 .debug_aranges
                0x00000b80      0x118 Src/usbd_conf.o
 .debug_aranges
                0x00000c98       0x60 Src/usbd_desc.o
 .debug_aranges
                0x00000cf8       0x28 startup/startup_stm32f103xb.o

.debug_ranges   0x00000000      0xbe8
 .debug_ranges  0x00000000       0xd0 Drivers/STM32F1xx_HAL_Driver/Src/stm32f1xx_hal.o
 .debug_ranges  0x000000d0       0xf0 Drivers/STM32F1xx_HAL_Driver/Src/stm32f1xx_hal_cortex.o
 .debug_ranges  0x000001c0       0x48 Drivers/STM32F1xx_HAL_Driver/Src/stm32f1xx_hal_gpio.o
 .debug_ranges  0x00000208      0x2a0 Drivers/STM32F1xx_HAL_Driver/Src/stm32f1xx_hal_i2c.o
 .debug_ranges  0x000004a8      0x110 Drivers/STM32F1xx_HAL_Driver/Src/stm32f1xx_hal_pcd.o
 .debug_ranges  0x000005b8       0x28 Drivers/STM32F1xx_HAL_Driver/Src/stm32f1xx_hal_pcd_ex.o
 .debug_ranges  0x000005e0       0x80 Drivers/STM32F1xx_HAL_Driver/Src/stm32f1xx_hal_rcc.o
 .debug_ranges  0x00000660       0x20 Drivers/STM32F1xx_HAL_Driver/Src/stm32f1xx_hal_rcc_ex.o
 .debug_ranges  0x00000680       0xf8 Drivers/STM32F1xx_HAL_Driver/Src/stm32f1xx_ll_usb.o
 .debug_ranges  0x00000778       0x80 Middlewares/ST/STM32_USB_Device_Library/Class/CDC/Src/usbd_cdc.o
 .debug_ranges  0x000007f8       0xa8 Middlewares/ST/STM32_USB_Device_Library/Core/Src/usbd_core.o
 .debug_ranges  0x000008a0       0x78 Middlewares/ST/STM32_USB_Device_Library/Core/Src/usbd_ctlreq.o
 .debug_ranges  0x00000918       0x40 Middlewares/ST/STM32_USB_Device_Library/Core/Src/usbd_ioreq.o
 .debug_ranges  0x00000958       0x48 Src/main.o
 .debug_ranges  0x000009a0       0x20 Src/stm32f1xx_hal_msp.o
 .debug_ranges  0x000009c0       0x58 Src/stm32f1xx_it.o
 .debug_ranges  0x00000a18       0x18 Src/system_stm32f1xx.o
 .debug_ranges  0x00000a30       0x10 Src/usb_device.o
 .debug_ranges  0x00000a40       0x30 Src/usbd_cdc_if.o
 .debug_ranges  0x00000a70      0x108 Src/usbd_conf.o
 .debug_ranges  0x00000b78       0x50 Src/usbd_desc.o
 .debug_ranges  0x00000bc8       0x20 startup/startup_stm32f103xb.o

.debug_macro    0x00000000    0x17395
 .debug_macro   0x00000000      0x1cd Drivers/STM32F1xx_HAL_Driver/Src/stm32f1xx_hal.o
 .debug_macro   0x000001cd      0xa54 Drivers/STM32F1xx_HAL_Driver/Src/stm32f1xx_hal.o
 .debug_macro   0x00000c21      0x21b Drivers/STM32F1xx_HAL_Driver/Src/stm32f1xx_hal.o
 .debug_macro   0x00000e3c       0x2e Drivers/STM32F1xx_HAL_Driver/Src/stm32f1xx_hal.o
 .debug_macro   0x00000e6a       0x22 Drivers/STM32F1xx_HAL_Driver/Src/stm32f1xx_hal.o
 .debug_macro   0x00000e8c       0x22 Drivers/STM32F1xx_HAL_Driver/Src/stm32f1xx_hal.o
 .debug_macro   0x00000eae       0x8e Drivers/STM32F1xx_HAL_Driver/Src/stm32f1xx_hal.o
 .debug_macro   0x00000f3c       0x51 Drivers/STM32F1xx_HAL_Driver/Src/stm32f1xx_hal.o
 .debug_macro   0x00000f8d       0xef Drivers/STM32F1xx_HAL_Driver/Src/stm32f1xx_hal.o
 .debug_macro   0x0000107c       0x6a Drivers/STM32F1xx_HAL_Driver/Src/stm32f1xx_hal.o
 .debug_macro   0x000010e6      0x1df Drivers/STM32F1xx_HAL_Driver/Src/stm32f1xx_hal.o
 .debug_macro   0x000012c5       0x1c Drivers/STM32F1xx_HAL_Driver/Src/stm32f1xx_hal.o
 .debug_macro   0x000012e1       0x22 Drivers/STM32F1xx_HAL_Driver/Src/stm32f1xx_hal.o
 .debug_macro   0x00001303       0xc3 Drivers/STM32F1xx_HAL_Driver/Src/stm32f1xx_hal.o
 .debug_macro   0x000013c6      0xd23 Drivers/STM32F1xx_HAL_Driver/Src/stm32f1xx_hal.o
 .debug_macro   0x000020e9     0xe09e Drivers/STM32F1xx_HAL_Driver/Src/stm32f1xx_hal.o
 .debug_macro   0x00010187       0x43 Drivers/STM32F1xx_HAL_Driver/Src/stm32f1xx_hal.o
 .debug_macro   0x000101ca      0x174 Drivers/STM32F1xx_HAL_Driver/Src/stm32f1xx_hal.o
 .debug_macro   0x0001033e       0x5a Drivers/STM32F1xx_HAL_Driver/Src/stm32f1xx_hal.o
 .debug_macro   0x00010398      0x5be Drivers/STM32F1xx_HAL_Driver/Src/stm32f1xx_hal.o
 .debug_macro   0x00010956      0x289 Drivers/STM32F1xx_HAL_Driver/Src/stm32f1xx_hal.o
 .debug_macro   0x00010bdf      0x1cb Drivers/STM32F1xx_HAL_Driver/Src/stm32f1xx_hal.o
 .debug_macro   0x00010daa      0x114 Drivers/STM32F1xx_HAL_Driver/Src/stm32f1xx_hal.o
 .debug_macro   0x00010ebe      0x1b2 Drivers/STM32F1xx_HAL_Driver/Src/stm32f1xx_hal.o
 .debug_macro   0x00011070       0x27 Drivers/STM32F1xx_HAL_Driver/Src/stm32f1xx_hal.o
 .debug_macro   0x00011097      0x136 Drivers/STM32F1xx_HAL_Driver/Src/stm32f1xx_hal.o
 .debug_macro   0x000111cd      0x1bc Drivers/STM32F1xx_HAL_Driver/Src/stm32f1xx_hal.o
 .debug_macro   0x00011389       0x34 Drivers/STM32F1xx_HAL_Driver/Src/stm32f1xx_hal.o
 .debug_macro   0x000113bd       0x3c Drivers/STM32F1xx_HAL_Driver/Src/stm32f1xx_hal.o
 .debug_macro   0x000113f9       0x57 Drivers/STM32F1xx_HAL_Driver/Src/stm32f1xx_hal.o
 .debug_macro   0x00011450       0x88 Drivers/STM32F1xx_HAL_Driver/Src/stm32f1xx_hal.o
 .debug_macro   0x000114d8      0x241 Drivers/STM32F1xx_HAL_Driver/Src/stm32f1xx_hal.o
 .debug_macro   0x00011719      0x280 Drivers/STM32F1xx_HAL_Driver/Src/stm32f1xx_hal.o
 .debug_macro   0x00011999      0x141 Drivers/STM32F1xx_HAL_Driver/Src/stm32f1xx_hal.o
 .debug_macro   0x00011ada       0x65 Drivers/STM32F1xx_HAL_Driver/Src/stm32f1xx_hal.o
 .debug_macro   0x00011b3f      0x249 Drivers/STM32F1xx_HAL_Driver/Src/stm32f1xx_hal.o
 .debug_macro   0x00011d88       0x83 Drivers/STM32F1xx_HAL_Driver/Src/stm32f1xx_hal.o
 .debug_macro   0x00011e0b      0x1a9 Drivers/STM32F1xx_HAL_Driver/Src/stm32f1xx_hal_cortex.o
 .debug_macro   0x00011fb4      0x214 Drivers/STM32F1xx_HAL_Driver/Src/stm32f1xx_hal_gpio.o
 .debug_macro   0x000121c8      0x1e9 Drivers/STM32F1xx_HAL_Driver/Src/stm32f1xx_hal_i2c.o
 .debug_macro   0x000123b1      0x1b5 Drivers/STM32F1xx_HAL_Driver/Src/stm32f1xx_hal_pcd.o
 .debug_macro   0x00012566      0x1a9 Drivers/STM32F1xx_HAL_Driver/Src/stm32f1xx_hal_pcd_ex.o
 .debug_macro   0x0001270f      0x1bb Drivers/STM32F1xx_HAL_Driver/Src/stm32f1xx_hal_rcc.o
 .debug_macro   0x000128ca      0x1a9 Drivers/STM32F1xx_HAL_Driver/Src/stm32f1xx_hal_rcc_ex.o
 .debug_macro   0x00012a73      0x1a9 Drivers/STM32F1xx_HAL_Driver/Src/stm32f1xx_ll_usb.o
 .debug_macro   0x00012c1c      0x3c0 Middlewares/ST/STM32_USB_Device_Library/Class/CDC/Src/usbd_cdc.o
 .debug_macro   0x00012fdc       0x58 Middlewares/ST/STM32_USB_Device_Library/Class/CDC/Src/usbd_cdc.o
 .debug_macro   0x00013034       0x18 Middlewares/ST/STM32_USB_Device_Library/Class/CDC/Src/usbd_cdc.o
 .debug_macro   0x0001304c       0x94 Middlewares/ST/STM32_USB_Device_Library/Class/CDC/Src/usbd_cdc.o
 .debug_macro   0x000130e0       0x35 Middlewares/ST/STM32_USB_Device_Library/Class/CDC/Src/usbd_cdc.o
 .debug_macro   0x00013115       0x34 Middlewares/ST/STM32_USB_Device_Library/Class/CDC/Src/usbd_cdc.o
 .debug_macro   0x00013149       0x16 Middlewares/ST/STM32_USB_Device_Library/Class/CDC/Src/usbd_cdc.o
 .debug_macro   0x0001315f       0x57 Middlewares/ST/STM32_USB_Device_Library/Class/CDC/Src/usbd_cdc.o
 .debug_macro   0x000131b6       0x97 Middlewares/ST/STM32_USB_Device_Library/Class/CDC/Src/usbd_cdc.o
 .debug_macro   0x0001324d      0x330 Middlewares/ST/STM32_USB_Device_Library/Class/CDC/Src/usbd_cdc.o
 .debug_macro   0x0001357d       0xfd Middlewares/ST/STM32_USB_Device_Library/Class/CDC/Src/usbd_cdc.o
 .debug_macro   0x0001367a       0x10 Middlewares/ST/STM32_USB_Device_Library/Class/CDC/Src/usbd_cdc.o
 .debug_macro   0x0001368a       0x58 Middlewares/ST/STM32_USB_Device_Library/Class/CDC/Src/usbd_cdc.o
 .debug_macro   0x000136e2       0x1f Middlewares/ST/STM32_USB_Device_Library/Class/CDC/Src/usbd_cdc.o
 .debug_macro   0x00013701       0x43 Middlewares/ST/STM32_USB_Device_Library/Class/CDC/Src/usbd_cdc.o
 .debug_macro   0x00013744       0x20 Middlewares/ST/STM32_USB_Device_Library/Class/CDC/Src/usbd_cdc.o
 .debug_macro   0x00013764      0x18e Middlewares/ST/STM32_USB_Device_Library/Class/CDC/Src/usbd_cdc.o
 .debug_macro   0x000138f2       0x10 Middlewares/ST/STM32_USB_Device_Library/Class/CDC/Src/usbd_cdc.o
 .debug_macro   0x00013902       0x1c Middlewares/ST/STM32_USB_Device_Library/Class/CDC/Src/usbd_cdc.o
 .debug_macro   0x0001391e       0x52 Middlewares/ST/STM32_USB_Device_Library/Class/CDC/Src/usbd_cdc.o
 .debug_macro   0x00013970       0x40 Middlewares/ST/STM32_USB_Device_Library/Class/CDC/Src/usbd_cdc.o
 .debug_macro   0x000139b0       0x10 Middlewares/ST/STM32_USB_Device_Library/Class/CDC/Src/usbd_cdc.o
 .debug_macro   0x000139c0       0x40 Middlewares/ST/STM32_USB_Device_Library/Class/CDC/Src/usbd_cdc.o
 .debug_macro   0x00013a00       0xd7 Middlewares/ST/STM32_USB_Device_Library/Class/CDC/Src/usbd_cdc.o
 .debug_macro   0x00013ad7       0x1c Middlewares/ST/STM32_USB_Device_Library/Class/CDC/Src/usbd_cdc.o
 .debug_macro   0x00013af3       0x3d Middlewares/ST/STM32_USB_Device_Library/Class/CDC/Src/usbd_cdc.o
 .debug_macro   0x00013b30       0x16 Middlewares/ST/STM32_USB_Device_Library/Class/CDC/Src/usbd_cdc.o
 .debug_macro   0x00013b46      0x16f Middlewares/ST/STM32_USB_Device_Library/Class/CDC/Src/usbd_cdc.o
 .debug_macro   0x00013cb5       0x16 Middlewares/ST/STM32_USB_Device_Library/Class/CDC/Src/usbd_cdc.o
 .debug_macro   0x00013ccb       0x35 Middlewares/ST/STM32_USB_Device_Library/Class/CDC/Src/usbd_cdc.o
 .debug_macro   0x00013d00       0x16 Middlewares/ST/STM32_USB_Device_Library/Class/CDC/Src/usbd_cdc.o
 .debug_macro   0x00013d16       0x29 Middlewares/ST/STM32_USB_Device_Library/Class/CDC/Src/usbd_cdc.o
 .debug_macro   0x00013d3f       0x16 Middlewares/ST/STM32_USB_Device_Library/Class/CDC/Src/usbd_cdc.o
 .debug_macro   0x00013d55       0xbd Middlewares/ST/STM32_USB_Device_Library/Class/CDC/Src/usbd_cdc.o
 .debug_macro   0x00013e12       0x54 Middlewares/ST/STM32_USB_Device_Library/Class/CDC/Src/usbd_cdc.o
 .debug_macro   0x00013e66       0x28 Middlewares/ST/STM32_USB_Device_Library/Class/CDC/Src/usbd_cdc.o
 .debug_macro   0x00013e8e       0x60 Middlewares/ST/STM32_USB_Device_Library/Class/CDC/Src/usbd_cdc.o
 .debug_macro   0x00013eee      0x1c8 Middlewares/ST/STM32_USB_Device_Library/Class/CDC/Src/usbd_cdc.o
 .debug_macro   0x000140b6       0x8f Middlewares/ST/STM32_USB_Device_Library/Class/CDC/Src/usbd_cdc.o
 .debug_macro   0x00014145      0x3a7 Middlewares/ST/STM32_USB_Device_Library/Core/Src/usbd_core.o
 .debug_macro   0x000144ec      0x1ce Middlewares/ST/STM32_USB_Device_Library/Core/Src/usbd_core.o
 .debug_macro   0x000146ba      0x3b1 Middlewares/ST/STM32_USB_Device_Library/Core/Src/usbd_ctlreq.o
 .debug_macro   0x00014a6b      0x3ad Middlewares/ST/STM32_USB_Device_Library/Core/Src/usbd_ioreq.o
 .debug_macro   0x00014e18      0x3fb Src/main.o
 .debug_macro   0x00015213       0x5e Src/main.o
 .debug_macro   0x00015271      0x32a Src/main.o
 .debug_macro   0x0001559b       0x10 Src/main.o
 .debug_macro   0x000155ab      0x241 Src/main.o
 .debug_macro   0x000157ec       0x16 Src/main.o
 .debug_macro   0x00015802       0x10 Src/main.o
 .debug_macro   0x00015812       0x41 Src/main.o
 .debug_macro   0x00015853      0x122 Src/main.o
 .debug_macro   0x00015975       0x16 Src/main.o
 .debug_macro   0x0001598b      0x51a Src/main.o
 .debug_macro   0x00015ea5      0x1b8 Src/stm32f1xx_hal_msp.o
 .debug_macro   0x0001605d      0x1c2 Src/stm32f1xx_it.o
 .debug_macro   0x0001621f      0x1af Src/system_stm32f1xx.o
 .debug_macro   0x000163ce      0x3e1 Src/usb_device.o
 .debug_macro   0x000167af       0x2e Src/usb_device.o
 .debug_macro   0x000167dd       0x22 Src/usb_device.o
 .debug_macro   0x000167ff      0x3d2 Src/usbd_cdc_if.o
 .debug_macro   0x00016bd1      0x3c4 Src/usbd_conf.o
 .debug_macro   0x00016f95      0x3e4 Src/usbd_desc.o
 .debug_macro   0x00017379       0x1c Src/usbd_desc.o

.debug_line     0x00000000     0xca6e
 .debug_line    0x00000000      0x7ef Drivers/STM32F1xx_HAL_Driver/Src/stm32f1xx_hal.o
 .debug_line    0x000007ef      0x8c8 Drivers/STM32F1xx_HAL_Driver/Src/stm32f1xx_hal_cortex.o
 .debug_line    0x000010b7      0x7ef Drivers/STM32F1xx_HAL_Driver/Src/stm32f1xx_hal_gpio.o
 .debug_line    0x000018a6     0x1ab2 Drivers/STM32F1xx_HAL_Driver/Src/stm32f1xx_hal_i2c.o
 .debug_line    0x00003358      0xae2 Drivers/STM32F1xx_HAL_Driver/Src/stm32f1xx_hal_pcd.o
 .debug_line    0x00003e3a      0x662 Drivers/STM32F1xx_HAL_Driver/Src/stm32f1xx_hal_pcd_ex.o
 .debug_line    0x0000449c      0x8b1 Drivers/STM32F1xx_HAL_Driver/Src/stm32f1xx_hal_rcc.o
 .debug_line    0x00004d4d      0x6cf Drivers/STM32F1xx_HAL_Driver/Src/stm32f1xx_hal_rcc_ex.o
 .debug_line    0x0000541c      0xafb Drivers/STM32F1xx_HAL_Driver/Src/stm32f1xx_ll_usb.o
 .debug_line    0x00005f17      0xa43 Middlewares/ST/STM32_USB_Device_Library/Class/CDC/Src/usbd_cdc.o
 .debug_line    0x0000695a      0xa5b Middlewares/ST/STM32_USB_Device_Library/Core/Src/usbd_core.o
 .debug_line    0x000073b5      0xae4 Middlewares/ST/STM32_USB_Device_Library/Core/Src/usbd_ctlreq.o
 .debug_line    0x00007e99      0x8c4 Middlewares/ST/STM32_USB_Device_Library/Core/Src/usbd_ioreq.o
 .debug_line    0x0000875d      0x9a5 Src/main.o
 .debug_line    0x00009102      0x63f Src/stm32f1xx_hal_msp.o
 .debug_line    0x00009741      0x6c7 Src/stm32f1xx_it.o
 .debug_line    0x00009e08      0x642 Src/system_stm32f1xx.o
 .debug_line    0x0000a44a      0x8be Src/usb_device.o
 .debug_line    0x0000ad08      0x8f1 Src/usbd_cdc_if.o
 .debug_line    0x0000b5f9      0xb0b Src/usbd_conf.o
 .debug_line    0x0000c104      0x8ed Src/usbd_desc.o
 .debug_line    0x0000c9f1       0x7d startup/startup_stm32f103xb.o

.debug_str      0x00000000    0x70e02
 .debug_str     0x00000000    0x672a8 Drivers/STM32F1xx_HAL_Driver/Src/stm32f1xx_hal.o
                              0x675ec (size before relaxing)
 .debug_str     0x000672a8      0x326 Drivers/STM32F1xx_HAL_Driver/Src/stm32f1xx_hal_cortex.o
                              0x675fa (size before relaxing)
 .debug_str     0x000675ce      0x3a3 Drivers/STM32F1xx_HAL_Driver/Src/stm32f1xx_hal_gpio.o
                              0x67325 (size before relaxing)
 .debug_str     0x00067971      0xf99 Drivers/STM32F1xx_HAL_Driver/Src/stm32f1xx_hal_i2c.o
                              0x67f51 (size before relaxing)
 .debug_str     0x0006890a      0x64d Drivers/STM32F1xx_HAL_Driver/Src/stm32f1xx_hal_pcd.o
                              0x6760c (size before relaxing)
 .debug_str     0x00068f57      0x18d Drivers/STM32F1xx_HAL_Driver/Src/stm32f1xx_hal_pcd_ex.o
                              0x673e8 (size before relaxing)
 .debug_str     0x000690e4      0x368 Drivers/STM32F1xx_HAL_Driver/Src/stm32f1xx_hal_rcc.o
                              0x6735e (size before relaxing)
 .debug_str     0x0006944c      0x12b Drivers/STM32F1xx_HAL_Driver/Src/stm32f1xx_hal_rcc_ex.o
                              0x670eb (size before relaxing)
 .debug_str     0x00069577      0x304 Drivers/STM32F1xx_HAL_Driver/Src/stm32f1xx_ll_usb.o
                              0x67452 (size before relaxing)
 .debug_str     0x0006987b     0x511f Middlewares/ST/STM32_USB_Device_Library/Class/CDC/Src/usbd_cdc.o
                              0x6c467 (size before relaxing)
 .debug_str     0x0006e99a      0x1b5 Middlewares/ST/STM32_USB_Device_Library/Core/Src/usbd_core.o
                              0x6bd7b (size before relaxing)
 .debug_str     0x0006eb4f      0x134 Middlewares/ST/STM32_USB_Device_Library/Core/Src/usbd_ctlreq.o
                              0x6bd01 (size before relaxing)
 .debug_str     0x0006ec83       0xc9 Middlewares/ST/STM32_USB_Device_Library/Core/Src/usbd_ioreq.o
                              0x6bc89 (size before relaxing)
 .debug_str     0x0006ed4c     0x1a34 Src/main.o
                              0x6d8e1 (size before relaxing)
 .debug_str     0x00070780       0x1b Src/stm32f1xx_hal_msp.o
                              0x674e6 (size before relaxing)
 .debug_str     0x0007079b       0xc4 Src/stm32f1xx_it.o
                              0x67388 (size before relaxing)
 .debug_str     0x0007085f       0x69 Src/system_stm32f1xx.o
                              0x66fd6 (size before relaxing)
 .debug_str     0x000708c8       0xe1 Src/usb_device.o
                              0x6bfb9 (size before relaxing)
 .debug_str     0x000709a9       0x97 Src/usbd_cdc_if.o
                              0x6c01d (size before relaxing)
 .debug_str     0x00070a40      0x146 Src/usbd_conf.o
                              0x6c87f (size before relaxing)
 .debug_str     0x00070b86      0x24d Src/usbd_desc.o
                              0x6bbe9 (size before relaxing)
 .debug_str     0x00070dd3       0x2f startup/startup_stm32f103xb.o
                                 0x5b (size before relaxing)

.comment        0x00000000       0x7f
 .comment       0x00000000       0x7f Drivers/STM32F1xx_HAL_Driver/Src/stm32f1xx_hal.o
                                 0x80 (size before relaxing)
 .comment       0x0000007f       0x80 Drivers/STM32F1xx_HAL_Driver/Src/stm32f1xx_hal_cortex.o
 .comment       0x0000007f       0x80 Drivers/STM32F1xx_HAL_Driver/Src/stm32f1xx_hal_gpio.o
 .comment       0x0000007f       0x80 Drivers/STM32F1xx_HAL_Driver/Src/stm32f1xx_hal_i2c.o
 .comment       0x0000007f       0x80 Drivers/STM32F1xx_HAL_Driver/Src/stm32f1xx_hal_pcd.o
 .comment       0x0000007f       0x80 Drivers/STM32F1xx_HAL_Driver/Src/stm32f1xx_hal_pcd_ex.o
 .comment       0x0000007f       0x80 Drivers/STM32F1xx_HAL_Driver/Src/stm32f1xx_hal_rcc.o
 .comment       0x0000007f       0x80 Drivers/STM32F1xx_HAL_Driver/Src/stm32f1xx_hal_rcc_ex.o
 .comment       0x0000007f       0x80 Drivers/STM32F1xx_HAL_Driver/Src/stm32f1xx_ll_usb.o
 .comment       0x0000007f       0x80 Middlewares/ST/STM32_USB_Device_Library/Class/CDC/Src/usbd_cdc.o
 .comment       0x0000007f       0x80 Middlewares/ST/STM32_USB_Device_Library/Core/Src/usbd_core.o
 .comment       0x0000007f       0x80 Middlewares/ST/STM32_USB_Device_Library/Core/Src/usbd_ctlreq.o
 .comment       0x0000007f       0x80 Middlewares/ST/STM32_USB_Device_Library/Core/Src/usbd_ioreq.o
 .comment       0x0000007f       0x80 Src/main.o
 .comment       0x0000007f       0x80 Src/stm32f1xx_hal_msp.o
 .comment       0x0000007f       0x80 Src/stm32f1xx_it.o
 .comment       0x0000007f       0x80 Src/system_stm32f1xx.o
 .comment       0x0000007f       0x80 Src/usb_device.o
 .comment       0x0000007f       0x80 Src/usbd_cdc_if.o
 .comment       0x0000007f       0x80 Src/usbd_conf.o
 .comment       0x0000007f       0x80 Src/usbd_desc.o

.debug_frame    0x00000000     0x349c
 .debug_frame   0x00000000      0x334 Drivers/STM32F1xx_HAL_Driver/Src/stm32f1xx_hal.o
 .debug_frame   0x00000334      0x428 Drivers/STM32F1xx_HAL_Driver/Src/stm32f1xx_hal_cortex.o
 .debug_frame   0x0000075c      0x14c Drivers/STM32F1xx_HAL_Driver/Src/stm32f1xx_hal_gpio.o
 .debug_frame   0x000008a8      0xc08 Drivers/STM32F1xx_HAL_Driver/Src/stm32f1xx_hal_i2c.o
 .debug_frame   0x000014b0      0x500 Drivers/STM32F1xx_HAL_Driver/Src/stm32f1xx_hal_pcd.o
 .debug_frame   0x000019b0       0xb0 Drivers/STM32F1xx_HAL_Driver/Src/stm32f1xx_hal_pcd_ex.o
 .debug_frame   0x00001a60      0x21c Drivers/STM32F1xx_HAL_Driver/Src/stm32f1xx_hal_rcc.o
 .debug_frame   0x00001c7c       0x84 Drivers/STM32F1xx_HAL_Driver/Src/stm32f1xx_hal_rcc_ex.o
 .debug_frame   0x00001d00      0x4d8 Drivers/STM32F1xx_HAL_Driver/Src/stm32f1xx_ll_usb.o
 .debug_frame   0x000021d8      0x248 Middlewares/ST/STM32_USB_Device_Library/Class/CDC/Src/usbd_cdc.o
 .debug_frame   0x00002420      0x300 Middlewares/ST/STM32_USB_Device_Library/Core/Src/usbd_core.o
 .debug_frame   0x00002720      0x218 Middlewares/ST/STM32_USB_Device_Library/Core/Src/usbd_ctlreq.o
 .debug_frame   0x00002938      0x10c Middlewares/ST/STM32_USB_Device_Library/Core/Src/usbd_ioreq.o
 .debug_frame   0x00002a44      0x120 Src/main.o
 .debug_frame   0x00002b64       0x80 Src/stm32f1xx_hal_msp.o
 .debug_frame   0x00002be4      0x128 Src/stm32f1xx_it.o
 .debug_frame   0x00002d0c       0x58 Src/system_stm32f1xx.o
 .debug_frame   0x00002d64       0x2c Src/usb_device.o
 .debug_frame   0x00002d90       0xbc Src/usbd_cdc_if.o
 .debug_frame   0x00002e4c      0x4a4 Src/usbd_conf.o
 .debug_frame   0x000032f0      0x160 Src/usbd_desc.o
 .debug_frame   0x00003450       0x2c c:/ac6/systemworkbench/plugins/fr.ac6.mcu.externaltools.arm-none.win32_1.17.0.201812190825/tools/compiler/bin/../lib/gcc/arm-none-eabi/7.3.1/../../../../arm-none-eabi/lib/thumb/v7-m\libc_nano.a(lib_a-init.o)
 .debug_frame   0x0000347c       0x20 c:/ac6/systemworkbench/plugins/fr.ac6.mcu.externaltools.arm-none.win32_1.17.0.201812190825/tools/compiler/bin/../lib/gcc/arm-none-eabi/7.3.1/../../../../arm-none-eabi/lib/thumb/v7-m\libc_nano.a(lib_a-memset.o)
